# nThread 1 nGpus 1 minBytes 8 maxBytes 536870912 step: 2(factor) warmup iters: 5 iters: 20 agg iters: 1 validation: 1 graph: 0
#
# Using devices
#  Rank  0 Group  0 Pid  16745 on x3203c0s13b1n0 device  0 [0x07] NVIDIA A100-SXM4-40GB
#  Rank  1 Group  0 Pid  16746 on x3203c0s13b1n0 device  1 [0x46] NVIDIA A100-SXM4-40GB
#  Rank  2 Group  0 Pid  16747 on x3203c0s13b1n0 device  2 [0x85] NVIDIA A100-SXM4-40GB
#  Rank  3 Group  0 Pid  16748 on x3203c0s13b1n0 device  3 [0xc7] NVIDIA A100-SXM4-40GB
#  Rank  4 Group  0 Pid  14941 on x3203c0s19b0n0 device  0 [0x07] NVIDIA A100-SXM4-40GB
#  Rank  5 Group  0 Pid  14942 on x3203c0s19b0n0 device  1 [0x46] NVIDIA A100-SXM4-40GB
#  Rank  6 Group  0 Pid  14943 on x3203c0s19b0n0 device  2 [0x85] NVIDIA A100-SXM4-40GB
#  Rank  7 Group  0 Pid  14944 on x3203c0s19b0n0 device  3 [0xc7] NVIDIA A100-SXM4-40GB
#  Rank  8 Group  0 Pid  13507 on x3203c0s19b1n0 device  0 [0x07] NVIDIA A100-SXM4-40GB
#  Rank  9 Group  0 Pid  13508 on x3203c0s19b1n0 device  1 [0x46] NVIDIA A100-SXM4-40GB
#  Rank 10 Group  0 Pid  13509 on x3203c0s19b1n0 device  2 [0x85] NVIDIA A100-SXM4-40GB
#  Rank 11 Group  0 Pid  13510 on x3203c0s19b1n0 device  3 [0xc7] NVIDIA A100-SXM4-40GB
#  Rank 12 Group  0 Pid  12667 on x3203c0s1b0n0 device  0 [0x07] NVIDIA A100-SXM4-40GB
#  Rank 13 Group  0 Pid  12668 on x3203c0s1b0n0 device  1 [0x46] NVIDIA A100-SXM4-40GB
#  Rank 14 Group  0 Pid  12669 on x3203c0s1b0n0 device  2 [0x85] NVIDIA A100-SXM4-40GB
#  Rank 15 Group  0 Pid  12670 on x3203c0s1b0n0 device  3 [0xc7] NVIDIA A100-SXM4-40GB
x3203c0s13b1n0:16745:16745 [0] NCCL INFO Bootstrap : Using bond0:10.140.56.178<0>
x3203c0s13b1n0:16745:16745 [0] NCCL INFO NET/Plugin : Plugin load returned 17 : libnccl-net.so: cannot open shared object file: No such file or directory.
x3203c0s13b1n0:16745:16745 [0] NCCL INFO cudaDriverVersion 11040
NCCL version 2.16.4+cuda11.0
x3203c0s13b1n0:16745:16770 [0] NCCL INFO NET/IB : Using [0]mlx5_0:1/RoCE [1]mlx5_1:1/RoCE [RO]; OOB bond0:10.140.56.178<0>
x3203c0s13b1n0:16745:16770 [0] NCCL INFO Using network IB
x3203c0s13b1n0:16748:16748 [3] NCCL INFO cudaDriverVersion 11040
x3203c0s13b1n0:16746:16746 [1] NCCL INFO cudaDriverVersion 11040
x3203c0s13b1n0:16747:16747 [2] NCCL INFO cudaDriverVersion 11040
x3203c0s19b0n0:14944:14944 [3] NCCL INFO cudaDriverVersion 11040
x3203c0s19b0n0:14943:14943 [2] NCCL INFO cudaDriverVersion 11040
x3203c0s19b0n0:14942:14942 [1] NCCL INFO cudaDriverVersion 11040
x3203c0s19b0n0:14941:14941 [0] NCCL INFO cudaDriverVersion 11040
x3203c0s19b1n0:13507:13507 [0] NCCL INFO cudaDriverVersion 11040
x3203c0s19b1n0:13510:13510 [3] NCCL INFO cudaDriverVersion 11040
x3203c0s19b1n0:13509:13509 [2] NCCL INFO cudaDriverVersion 11040
x3203c0s19b1n0:13508:13508 [1] NCCL INFO cudaDriverVersion 11040
x3203c0s1b0n0:12669:12669 [2] NCCL INFO cudaDriverVersion 11040
x3203c0s1b0n0:12667:12667 [0] NCCL INFO cudaDriverVersion 11040
x3203c0s1b0n0:12668:12668 [1] NCCL INFO cudaDriverVersion 11040
x3203c0s1b0n0:12670:12670 [3] NCCL INFO cudaDriverVersion 11040
x3203c0s13b1n0:16748:16748 [3] NCCL INFO Bootstrap : Using bond0:10.140.56.178<0>
x3203c0s13b1n0:16748:16748 [3] NCCL INFO NET/Plugin : No plugin found (libnccl-net.so), using internal implementation
x3203c0s13b1n0:16746:16746 [1] NCCL INFO Bootstrap : Using bond0:10.140.56.178<0>
x3203c0s13b1n0:16747:16747 [2] NCCL INFO Bootstrap : Using bond0:10.140.56.178<0>
x3203c0s13b1n0:16747:16747 [2] NCCL INFO NET/Plugin : No plugin found (libnccl-net.so), using internal implementation
x3203c0s13b1n0:16746:16746 [1] NCCL INFO NET/Plugin : No plugin found (libnccl-net.so), using internal implementation
x3203c0s13b1n0:16748:16773 [3] NCCL INFO NET/IB : Using [0]mlx5_0:1/RoCE [1]mlx5_1:1/RoCE [RO]; OOB bond0:10.140.56.178<0>
x3203c0s13b1n0:16748:16773 [3] NCCL INFO Using network IB
x3203c0s13b1n0:16746:16774 [1] NCCL INFO NET/IB : Using [0]mlx5_0:1/RoCE [1]mlx5_1:1/RoCE [RO]; OOB bond0:10.140.56.178<0>
x3203c0s13b1n0:16746:16774 [1] NCCL INFO Using network IB
x3203c0s13b1n0:16747:16775 [2] NCCL INFO NET/IB : Using [0]mlx5_0:1/RoCE [1]mlx5_1:1/RoCE [RO]; OOB bond0:10.140.56.178<0>
x3203c0s13b1n0:16747:16775 [2] NCCL INFO Using network IB
x3203c0s19b1n0:13510:13510 [3] NCCL INFO Bootstrap : Using bond0:10.140.56.180<0>
x3203c0s19b1n0:13510:13510 [3] NCCL INFO NET/Plugin : No plugin found (libnccl-net.so), using internal implementation
x3203c0s19b0n0:14943:14943 [2] NCCL INFO Bootstrap : Using bond0:10.140.56.179<0>
x3203c0s1b0n0:12669:12669 [2] NCCL INFO Bootstrap : Using bond0:10.140.56.173<0>
x3203c0s19b0n0:14944:14944 [3] NCCL INFO Bootstrap : Using bond0:10.140.56.179<0>
x3203c0s19b0n0:14944:14944 [3] NCCL INFO NET/Plugin : No plugin found (libnccl-net.so), using internal implementation
x3203c0s19b0n0:14943:14943 [2] NCCL INFO NET/Plugin : No plugin found (libnccl-net.so), using internal implementation
x3203c0s19b0n0:14941:14941 [0] NCCL INFO Bootstrap : Using bond0:10.140.56.179<0>
x3203c0s1b0n0:12669:12669 [2] NCCL INFO NET/Plugin : No plugin found (libnccl-net.so), using internal implementation
x3203c0s19b0n0:14942:14942 [1] NCCL INFO Bootstrap : Using bond0:10.140.56.179<0>
x3203c0s19b0n0:14942:14942 [1] NCCL INFO NET/Plugin : No plugin found (libnccl-net.so), using internal implementation
x3203c0s19b0n0:14941:14941 [0] NCCL INFO NET/Plugin : No plugin found (libnccl-net.so), using internal implementation
x3203c0s19b1n0:13507:13507 [0] NCCL INFO Bootstrap : Using bond0:10.140.56.180<0>
x3203c0s19b1n0:13508:13508 [1] NCCL INFO Bootstrap : Using bond0:10.140.56.180<0>
x3203c0s19b1n0:13508:13508 [1] NCCL INFO NET/Plugin : No plugin found (libnccl-net.so), using internal implementation
x3203c0s19b1n0:13509:13509 [2] NCCL INFO Bootstrap : Using bond0:10.140.56.180<0>
x3203c0s19b1n0:13509:13509 [2] NCCL INFO NET/Plugin : No plugin found (libnccl-net.so), using internal implementation
x3203c0s19b1n0:13507:13507 [0] NCCL INFO NET/Plugin : No plugin found (libnccl-net.so), using internal implementation
x3203c0s19b1n0:13510:13536 [3] NCCL INFO NET/IB : Using [0]mlx5_0:1/RoCE [1]mlx5_1:1/RoCE [RO]; OOB bond0:10.140.56.180<0>
x3203c0s19b1n0:13510:13536 [3] NCCL INFO Using network IB
x3203c0s19b1n0:13509:13537 [2] NCCL INFO NET/IB : Using [0]mlx5_0:1/RoCE [1]mlx5_1:1/RoCE [RO]; OOB bond0:10.140.56.180<0>
x3203c0s19b1n0:13509:13537 [2] NCCL INFO Using network IB
x3203c0s19b1n0:13507:13539 [0] NCCL INFO NET/IB : Using [0]mlx5_0:1/RoCE [1]mlx5_1:1/RoCE [RO]; OOB bond0:10.140.56.180<0>
x3203c0s19b1n0:13507:13539 [0] NCCL INFO Using network IB
x3203c0s19b1n0:13508:13538 [1] NCCL INFO NET/IB : Using [0]mlx5_0:1/RoCE [1]mlx5_1:1/RoCE [RO]; OOB bond0:10.140.56.180<0>
x3203c0s19b1n0:13508:13538 [1] NCCL INFO Using network IB
x3203c0s19b0n0:14944:14969 [3] NCCL INFO NET/IB : Using [0]mlx5_0:1/RoCE [1]mlx5_1:1/RoCE [RO]; OOB bond0:10.140.56.179<0>
x3203c0s19b0n0:14944:14969 [3] NCCL INFO Using network IB
x3203c0s19b0n0:14941:14971 [0] NCCL INFO NET/IB : Using [0]mlx5_0:1/RoCE [1]mlx5_1:1/RoCE [RO]; OOB bond0:10.140.56.179<0>
x3203c0s19b0n0:14941:14971 [0] NCCL INFO Using network IB
x3203c0s19b0n0:14942:14970 [1] NCCL INFO NET/IB : Using [0]mlx5_0:1/RoCE [1]mlx5_1:1/RoCE [RO]; OOB bond0:10.140.56.179<0>
x3203c0s19b0n0:14942:14970 [1] NCCL INFO Using network IB
x3203c0s19b0n0:14943:14968 [2] NCCL INFO NET/IB : Using [0]mlx5_0:1/RoCE [1]mlx5_1:1/RoCE [RO]; OOB bond0:10.140.56.179<0>
x3203c0s19b0n0:14943:14968 [2] NCCL INFO Using network IB
x3203c0s1b0n0:12669:12694 [2] NCCL INFO NET/IB : Using [0]mlx5_0:1/RoCE [1]mlx5_1:1/RoCE [RO]; OOB bond0:10.140.56.173<0>
x3203c0s1b0n0:12669:12694 [2] NCCL INFO Using network IB
x3203c0s1b0n0:12670:12670 [3] NCCL INFO Bootstrap : Using bond0:10.140.56.173<0>
x3203c0s1b0n0:12670:12670 [3] NCCL INFO NET/Plugin : No plugin found (libnccl-net.so), using internal implementation
x3203c0s1b0n0:12668:12668 [1] NCCL INFO Bootstrap : Using bond0:10.140.56.173<0>
x3203c0s1b0n0:12668:12668 [1] NCCL INFO NET/Plugin : No plugin found (libnccl-net.so), using internal implementation
x3203c0s1b0n0:12667:12667 [0] NCCL INFO Bootstrap : Using bond0:10.140.56.173<0>
x3203c0s1b0n0:12667:12667 [0] NCCL INFO NET/Plugin : No plugin found (libnccl-net.so), using internal implementation
x3203c0s1b0n0:12670:12697 [3] NCCL INFO NET/IB : Using [0]mlx5_0:1/RoCE [1]mlx5_1:1/RoCE [RO]; OOB bond0:10.140.56.173<0>
x3203c0s1b0n0:12670:12697 [3] NCCL INFO Using network IB
x3203c0s1b0n0:12668:12698 [1] NCCL INFO NET/IB : Using [0]mlx5_0:1/RoCE [1]mlx5_1:1/RoCE [RO]; OOB bond0:10.140.56.173<0>
x3203c0s1b0n0:12668:12698 [1] NCCL INFO Using network IB
x3203c0s1b0n0:12667:12699 [0] NCCL INFO NET/IB : Using [0]mlx5_0:1/RoCE [1]mlx5_1:1/RoCE [RO]; OOB bond0:10.140.56.173<0>
x3203c0s1b0n0:12667:12699 [0] NCCL INFO Using network IB
x3203c0s13b1n0:16748:16773 [3] NCCL INFO Setting affinity for GPU 3 to 08,00000008
x3203c0s19b0n0:14944:14969 [3] NCCL INFO Setting affinity for GPU 3 to 08,00000008
x3203c0s19b1n0:13510:13536 [3] NCCL INFO Setting affinity for GPU 3 to 08,00000008
x3203c0s1b0n0:12670:12697 [3] NCCL INFO Setting affinity for GPU 3 to 08,00000008
x3203c0s13b1n0:16745:16770 [0] NCCL INFO Channel 00/04 :    0   3   2   5   4   7   6   9   8  11  10  13  12  15  14   1
x3203c0s13b1n0:16745:16770 [0] NCCL INFO Channel 01/04 :    0   7   6   5   4  11  10   9   8  15  14  13  12   3   2   1
x3203c0s13b1n0:16745:16770 [0] NCCL INFO Channel 02/04 :    0   3   2   5   4   7   6   9   8  11  10  13  12  15  14   1
x3203c0s13b1n0:16745:16770 [0] NCCL INFO Channel 03/04 :    0   7   6   5   4  11  10   9   8  15  14  13  12   3   2   1
x3203c0s13b1n0:16745:16770 [0] NCCL INFO Trees [0] 1/8/-1->0->-1 [1] 1/8/-1->0->-1 [2] 1/-1/-1->0->4 [3] 1/-1/-1->0->4
x3203c0s13b1n0:16745:16770 [0] NCCL INFO P2P Chunksize set to 131072
x3203c0s13b1n0:16746:16774 [1] NCCL INFO Trees [0] 2/-1/-1->1->0 [1] 2/-1/-1->1->0 [2] 2/-1/-1->1->0 [3] 2/-1/-1->1->0
x3203c0s13b1n0:16746:16774 [1] NCCL INFO P2P Chunksize set to 131072
x3203c0s19b1n0:13509:13537 [2] NCCL INFO Trees [0] 11/-1/-1->10->9 [1] 11/-1/-1->10->9 [2] 11/-1/-1->10->9 [3] 11/-1/-1->10->9
x3203c0s19b1n0:13509:13537 [2] NCCL INFO P2P Chunksize set to 131072
x3203c0s13b1n0:16747:16775 [2] NCCL INFO Trees [0] 3/-1/-1->2->1 [1] 3/-1/-1->2->1 [2] 3/-1/-1->2->1 [3] 3/-1/-1->2->1
x3203c0s13b1n0:16747:16775 [2] NCCL INFO P2P Chunksize set to 131072
x3203c0s19b0n0:14943:14968 [2] NCCL INFO Trees [0] 7/-1/-1->6->5 [1] 7/-1/-1->6->5 [2] 7/-1/-1->6->5 [3] 7/-1/-1->6->5
x3203c0s19b0n0:14943:14968 [2] NCCL INFO P2P Chunksize set to 131072
x3203c0s19b1n0:13510:13536 [3] NCCL INFO Trees [0] -1/-1/-1->11->10 [1] -1/-1/-1->11->10 [2] -1/-1/-1->11->10 [3] -1/-1/-1->11->10
x3203c0s19b1n0:13510:13536 [3] NCCL INFO P2P Chunksize set to 131072
x3203c0s13b1n0:16748:16773 [3] NCCL INFO Trees [0] -1/-1/-1->3->2 [1] -1/-1/-1->3->2 [2] -1/-1/-1->3->2 [3] -1/-1/-1->3->2
x3203c0s13b1n0:16748:16773 [3] NCCL INFO P2P Chunksize set to 131072
x3203c0s19b1n0:13507:13539 [0] NCCL INFO Trees [0] 9/12/-1->8->0 [1] 9/12/-1->8->0 [2] 9/-1/-1->8->5 [3] 9/-1/-1->8->5
x3203c0s19b1n0:13507:13539 [0] NCCL INFO P2P Chunksize set to 131072
x3203c0s1b0n0:12667:12699 [0] NCCL INFO Trees [0] 13/-1/-1->12->8 [1] 13/-1/-1->12->8 [2] 13/4/-1->12->-1 [3] 13/4/-1->12->-1
x3203c0s1b0n0:12667:12699 [0] NCCL INFO P2P Chunksize set to 131072
x3203c0s19b1n0:13508:13538 [1] NCCL INFO Trees [0] 10/4/-1->9->8 [1] 10/4/-1->9->8 [2] 10/-1/-1->9->8 [3] 10/-1/-1->9->8
x3203c0s19b1n0:13508:13538 [1] NCCL INFO P2P Chunksize set to 131072
x3203c0s1b0n0:12668:12698 [1] NCCL INFO Trees [0] 14/-1/-1->13->12 [1] 14/-1/-1->13->12 [2] 14/-1/-1->13->12 [3] 14/-1/-1->13->12
x3203c0s1b0n0:12668:12698 [1] NCCL INFO P2P Chunksize set to 131072
x3203c0s1b0n0:12670:12697 [3] NCCL INFO Trees [0] -1/-1/-1->15->14 [1] -1/-1/-1->15->14 [2] -1/-1/-1->15->14 [3] -1/-1/-1->15->14
x3203c0s1b0n0:12670:12697 [3] NCCL INFO P2P Chunksize set to 131072
x3203c0s1b0n0:12669:12694 [2] NCCL INFO Trees [0] 15/-1/-1->14->13 [1] 15/-1/-1->14->13 [2] 15/-1/-1->14->13 [3] 15/-1/-1->14->13
x3203c0s1b0n0:12669:12694 [2] NCCL INFO P2P Chunksize set to 131072
x3203c0s13b1n0:16745:16770 [0] NCCL INFO Channel 00/0 : 0[7000] -> 3[c7000] via P2P/IPC/read
x3203c0s19b0n0:14944:14969 [3] NCCL INFO Trees [0] -1/-1/-1->7->6 [1] -1/-1/-1->7->6 [2] -1/-1/-1->7->6 [3] -1/-1/-1->7->6
x3203c0s19b0n0:14944:14969 [3] NCCL INFO P2P Chunksize set to 131072
x3203c0s1b0n0:12667:12699 [0] NCCL INFO Channel 00/0 : 12[7000] -> 15[c7000] via P2P/IPC/read
x3203c0s19b0n0:14941:14971 [0] NCCL INFO Trees [0] 5/-1/-1->4->9 [1] 5/-1/-1->4->9 [2] 5/0/-1->4->12 [3] 5/0/-1->4->12
x3203c0s19b0n0:14941:14971 [0] NCCL INFO P2P Chunksize set to 131072
x3203c0s19b1n0:13507:13539 [0] NCCL INFO Channel 00/0 : 8[7000] -> 11[c7000] via P2P/IPC/read
x3203c0s19b0n0:14942:14970 [1] NCCL INFO Trees [0] 6/-1/-1->5->4 [1] 6/-1/-1->5->4 [2] 6/8/-1->5->4 [3] 6/8/-1->5->4
x3203c0s19b0n0:14942:14970 [1] NCCL INFO P2P Chunksize set to 131072
x3203c0s19b0n0:14941:14971 [0] NCCL INFO Channel 00/0 : 4[7000] -> 7[c7000] via P2P/IPC/read
x3203c0s19b0n0:14941:14971 [0] NCCL INFO Channel 02/0 : 4[7000] -> 7[c7000] via P2P/IPC/read
x3203c0s1b0n0:12667:12699 [0] NCCL INFO Channel 02/0 : 12[7000] -> 15[c7000] via P2P/IPC/read
x3203c0s13b1n0:16747:16775 [2] NCCL INFO Channel 00/0 : 2[85000] -> 5[46000] [send] via NET/IB/1
x3203c0s19b0n0:14943:14968 [2] NCCL INFO Channel 00/0 : 6[85000] -> 9[46000] [send] via NET/IB/1
x3203c0s13b1n0:16747:16775 [2] NCCL INFO Channel 02/0 : 2[85000] -> 5[46000] [send] via NET/IB/1
x3203c0s19b0n0:14943:14968 [2] NCCL INFO Channel 02/0 : 6[85000] -> 9[46000] [send] via NET/IB/1
x3203c0s13b1n0:16745:16770 [0] NCCL INFO Channel 02/0 : 0[7000] -> 3[c7000] via P2P/IPC/read
x3203c0s19b1n0:13509:13537 [2] NCCL INFO Channel 00/0 : 10[85000] -> 13[46000] [send] via NET/IB/1
x3203c0s19b1n0:13507:13539 [0] NCCL INFO Channel 02/0 : 8[7000] -> 11[c7000] via P2P/IPC/read
x3203c0s1b0n0:12669:12694 [2] NCCL INFO Channel 00/0 : 14[85000] -> 1[46000] [send] via NET/IB/1
x3203c0s1b0n0:12669:12694 [2] NCCL INFO Channel 02/0 : 14[85000] -> 1[46000] [send] via NET/IB/1
x3203c0s13b1n0:16746:16774 [1] NCCL INFO Channel 00/0 : 14[85000] -> 1[46000] [receive] via NET/IB/1
x3203c0s13b1n0:16746:16774 [1] NCCL INFO Channel 02/0 : 14[85000] -> 1[46000] [receive] via NET/IB/1
x3203c0s19b0n0:14941:14971 [0] NCCL INFO Channel 01/0 : 4[7000] -> 11[c7000] [send] via NET/IB/0
x3203c0s19b1n0:13508:13538 [1] NCCL INFO Channel 00/0 : 6[85000] -> 9[46000] [receive] via NET/IB/1
x3203c0s19b1n0:13509:13537 [2] NCCL INFO Channel 02/0 : 10[85000] -> 13[46000] [send] via NET/IB/1
x3203c0s19b1n0:13510:13536 [3] NCCL INFO Channel 01/0 : 4[7000] -> 11[c7000] [receive] via NET/IB/0
x3203c0s19b1n0:13510:13536 [3] NCCL INFO Channel 03/0 : 4[7000] -> 11[c7000] [receive] via NET/IB/0
x3203c0s1b0n0:12668:12698 [1] NCCL INFO Channel 00/0 : 10[85000] -> 13[46000] [receive] via NET/IB/1
x3203c0s19b0n0:14942:14970 [1] NCCL INFO Channel 00/0 : 2[85000] -> 5[46000] [receive] via NET/IB/1
x3203c0s19b1n0:13507:13539 [0] NCCL INFO Channel 01/0 : 8[7000] -> 15[c7000] [send] via NET/IB/0
x3203c0s1b0n0:12667:12699 [0] NCCL INFO Channel 01/0 : 12[7000] -> 3[c7000] [send] via NET/IB/0
x3203c0s1b0n0:12669:12694 [2] NCCL INFO Channel 01/0 : 14[85000] -> 13[46000] via P2P/IPC/read
x3203c0s1b0n0:12669:12694 [2] NCCL INFO Channel 03/0 : 14[85000] -> 13[46000] via P2P/IPC/read
x3203c0s13b1n0:16746:16774 [1] NCCL INFO Channel 00/0 : 1[46000] -> 0[7000] via P2P/IPC/read
x3203c0s13b1n0:16746:16774 [1] NCCL INFO Channel 01/0 : 1[46000] -> 0[7000] via P2P/IPC/read
x3203c0s13b1n0:16746:16774 [1] NCCL INFO Channel 02/0 : 1[46000] -> 0[7000] via P2P/IPC/read
x3203c0s13b1n0:16746:16774 [1] NCCL INFO Channel 03/0 : 1[46000] -> 0[7000] via P2P/IPC/read
x3203c0s13b1n0:16745:16770 [0] NCCL INFO Channel 01/0 : 0[7000] -> 7[c7000] [send] via NET/IB/0
x3203c0s19b0n0:14941:14971 [0] NCCL INFO Channel 03/0 : 4[7000] -> 11[c7000] [send] via NET/IB/0
x3203c0s1b0n0:12670:12697 [3] NCCL INFO Channel 01/0 : 8[7000] -> 15[c7000] [receive] via NET/IB/0
x3203c0s1b0n0:12670:12697 [3] NCCL INFO Channel 03/0 : 8[7000] -> 15[c7000] [receive] via NET/IB/0
x3203c0s19b0n0:14944:14969 [3] NCCL INFO Channel 01/0 : 0[7000] -> 7[c7000] [receive] via NET/IB/0
x3203c0s19b0n0:14944:14969 [3] NCCL INFO Channel 03/0 : 0[7000] -> 7[c7000] [receive] via NET/IB/0
x3203c0s1b0n0:12667:12699 [0] NCCL INFO Channel 03/0 : 12[7000] -> 3[c7000] [send] via NET/IB/0
x3203c0s13b1n0:16748:16773 [3] NCCL INFO Channel 01/0 : 12[7000] -> 3[c7000] [receive] via NET/IB/0
x3203c0s13b1n0:16745:16770 [0] NCCL INFO Channel 03/0 : 0[7000] -> 7[c7000] [send] via NET/IB/0
x3203c0s19b1n0:13510:13536 [3] NCCL INFO Channel 00/0 : 11[c7000] -> 10[85000] via P2P/IPC/read
x3203c0s19b1n0:13508:13538 [1] NCCL INFO Channel 02/0 : 6[85000] -> 9[46000] [receive] via NET/IB/1
x3203c0s19b1n0:13510:13536 [3] NCCL INFO Channel 01/0 : 11[c7000] -> 10[85000] via P2P/IPC/read
x3203c0s1b0n0:12668:12698 [1] NCCL INFO Channel 02/0 : 10[85000] -> 13[46000] [receive] via NET/IB/1
x3203c0s19b0n0:14942:14970 [1] NCCL INFO Channel 02/0 : 2[85000] -> 5[46000] [receive] via NET/IB/1
x3203c0s19b1n0:13507:13539 [0] NCCL INFO Channel 03/0 : 8[7000] -> 15[c7000] [send] via NET/IB/0
x3203c0s19b1n0:13510:13536 [3] NCCL INFO Channel 02/0 : 11[c7000] -> 10[85000] via P2P/IPC/read
x3203c0s19b0n0:14943:14968 [2] NCCL INFO Channel 01/0 : 6[85000] -> 5[46000] via P2P/IPC/read
x3203c0s19b0n0:14943:14968 [2] NCCL INFO Channel 03/0 : 6[85000] -> 5[46000] via P2P/IPC/read
x3203c0s13b1n0:16747:16775 [2] NCCL INFO Channel 01/0 : 2[85000] -> 1[46000] via P2P/IPC/read
x3203c0s13b1n0:16747:16775 [2] NCCL INFO Channel 03/0 : 2[85000] -> 1[46000] via P2P/IPC/read
x3203c0s1b0n0:12668:12698 [1] NCCL INFO Channel 00/0 : 13[46000] -> 12[7000] via P2P/IPC/read
x3203c0s19b0n0:14942:14970 [1] NCCL INFO Channel 00/0 : 5[46000] -> 4[7000] via P2P/IPC/read
x3203c0s1b0n0:12668:12698 [1] NCCL INFO Channel 01/0 : 13[46000] -> 12[7000] via P2P/IPC/read
x3203c0s19b0n0:14944:14969 [3] NCCL INFO Channel 00/0 : 7[c7000] -> 6[85000] via P2P/IPC/read
x3203c0s19b0n0:14944:14969 [3] NCCL INFO Channel 01/0 : 7[c7000] -> 6[85000] via P2P/IPC/read
x3203c0s1b0n0:12670:12697 [3] NCCL INFO Channel 00/0 : 15[c7000] -> 14[85000] via P2P/IPC/read
x3203c0s19b0n0:14944:14969 [3] NCCL INFO Channel 02/0 : 7[c7000] -> 6[85000] via P2P/IPC/read
x3203c0s19b0n0:14942:14970 [1] NCCL INFO Channel 01/0 : 5[46000] -> 4[7000] via P2P/IPC/read
x3203c0s19b0n0:14944:14969 [3] NCCL INFO Channel 03/0 : 7[c7000] -> 6[85000] via P2P/IPC/read
x3203c0s19b0n0:14942:14970 [1] NCCL INFO Channel 02/0 : 5[46000] -> 4[7000] via P2P/IPC/read
x3203c0s19b0n0:14942:14970 [1] NCCL INFO Channel 03/0 : 5[46000] -> 4[7000] via P2P/IPC/read
x3203c0s1b0n0:12670:12697 [3] NCCL INFO Channel 01/0 : 15[c7000] -> 14[85000] via P2P/IPC/read
x3203c0s13b1n0:16745:16770 [0] NCCL INFO Connected all rings
x3203c0s13b1n0:16745:16770 [0] NCCL INFO Channel 00/0 : 0[7000] -> 1[46000] via P2P/IPC/read
x3203c0s19b0n0:14941:14971 [0] NCCL INFO Connected all rings
x3203c0s19b0n0:14941:14971 [0] NCCL INFO Channel 00/0 : 4[7000] -> 5[46000] via P2P/IPC/read
x3203c0s19b0n0:14941:14971 [0] NCCL INFO Channel 01/0 : 4[7000] -> 5[46000] via P2P/IPC/read
x3203c0s19b0n0:14941:14971 [0] NCCL INFO Channel 02/0 : 4[7000] -> 5[46000] via P2P/IPC/read
x3203c0s13b1n0:16746:16774 [1] NCCL INFO Connected all rings
x3203c0s19b0n0:14941:14971 [0] NCCL INFO Channel 03/0 : 4[7000] -> 5[46000] via P2P/IPC/read
x3203c0s13b1n0:16746:16774 [1] NCCL INFO Channel 00/0 : 1[46000] -> 2[85000] via P2P/IPC/read
x3203c0s13b1n0:16746:16774 [1] NCCL INFO Channel 01/0 : 1[46000] -> 2[85000] via P2P/IPC/read
x3203c0s13b1n0:16746:16774 [1] NCCL INFO Channel 02/0 : 1[46000] -> 2[85000] via P2P/IPC/read
x3203c0s13b1n0:16746:16774 [1] NCCL INFO Channel 03/0 : 1[46000] -> 2[85000] via P2P/IPC/read
x3203c0s19b1n0:13508:13538 [1] NCCL INFO Channel 00/0 : 9[46000] -> 8[7000] via P2P/IPC/read
x3203c0s1b0n0:12668:12698 [1] NCCL INFO Channel 02/0 : 13[46000] -> 12[7000] via P2P/IPC/read
x3203c0s19b0n0:14942:14970 [1] NCCL INFO Connected all rings
x3203c0s19b1n0:13509:13537 [2] NCCL INFO Channel 01/0 : 10[85000] -> 9[46000] via P2P/IPC/read
x3203c0s19b0n0:14942:14970 [1] NCCL INFO Channel 00/0 : 5[46000] -> 6[85000] via P2P/IPC/read
x3203c0s19b1n0:13509:13537 [2] NCCL INFO Channel 03/0 : 10[85000] -> 9[46000] via P2P/IPC/read
x3203c0s19b0n0:14942:14970 [1] NCCL INFO Channel 01/0 : 5[46000] -> 6[85000] via P2P/IPC/read
x3203c0s13b1n0:16745:16770 [0] NCCL INFO Channel 01/0 : 0[7000] -> 1[46000] via P2P/IPC/read
x3203c0s19b0n0:14942:14970 [1] NCCL INFO Channel 02/0 : 5[46000] -> 6[85000] via P2P/IPC/read
x3203c0s1b0n0:12670:12697 [3] NCCL INFO Channel 02/0 : 15[c7000] -> 14[85000] via P2P/IPC/read
x3203c0s19b0n0:14942:14970 [1] NCCL INFO Channel 03/0 : 5[46000] -> 6[85000] via P2P/IPC/read
x3203c0s19b0n0:14944:14969 [3] NCCL INFO Connected all rings
x3203c0s19b0n0:14943:14968 [2] NCCL INFO Connected all rings
x3203c0s19b0n0:14943:14968 [2] NCCL INFO Channel 00/0 : 6[85000] -> 7[c7000] via P2P/IPC/read
x3203c0s19b0n0:14943:14968 [2] NCCL INFO Channel 01/0 : 6[85000] -> 7[c7000] via P2P/IPC/read
x3203c0s19b0n0:14943:14968 [2] NCCL INFO Channel 02/0 : 6[85000] -> 7[c7000] via P2P/IPC/read
x3203c0s19b0n0:14943:14968 [2] NCCL INFO Channel 03/0 : 6[85000] -> 7[c7000] via P2P/IPC/read
x3203c0s19b1n0:13510:13536 [3] NCCL INFO Channel 03/0 : 11[c7000] -> 10[85000] via P2P/IPC/read
x3203c0s19b1n0:13510:13536 [3] NCCL INFO Connected all rings
x3203c0s19b1n0:13508:13538 [1] NCCL INFO Channel 01/0 : 9[46000] -> 8[7000] via P2P/IPC/read
x3203c0s1b0n0:12668:12698 [1] NCCL INFO Channel 03/0 : 13[46000] -> 12[7000] via P2P/IPC/read
x3203c0s13b1n0:16745:16770 [0] NCCL INFO Channel 02/0 : 0[7000] -> 1[46000] via P2P/IPC/read
x3203c0s1b0n0:12670:12697 [3] NCCL INFO Channel 03/0 : 15[c7000] -> 14[85000] via P2P/IPC/read
x3203c0s19b0n0:14944:14969 [3] NCCL INFO Connected all trees
x3203c0s19b0n0:14944:14969 [3] NCCL INFO NCCL_PROTO set by environment to LL
x3203c0s19b0n0:14944:14969 [3] NCCL INFO NCCL_ALGO set by environment to Tree
x3203c0s19b0n0:14944:14969 [3] NCCL INFO threadThresholds 8/8/64 | 128/8/64 | 512 | 512
x3203c0s19b0n0:14944:14969 [3] NCCL INFO 4 coll channels, 4 p2p channels, 2 p2p channels per peer
x3203c0s19b0n0:14943:14968 [2] NCCL INFO Channel 00/0 : 6[85000] -> 5[46000] via P2P/IPC/read
x3203c0s19b0n0:14943:14968 [2] NCCL INFO Channel 02/0 : 6[85000] -> 5[46000] via P2P/IPC/read
x3203c0s13b1n0:16748:16773 [3] NCCL INFO Channel 03/0 : 12[7000] -> 3[c7000] [receive] via NET/IB/0
x3203c0s19b0n0:14941:14971 [0] NCCL INFO Channel 02/0 : 0[7000] -> 4[7000] [receive] via NET/IB/1
x3203c0s13b1n0:16748:16773 [3] NCCL INFO Channel 00/0 : 3[c7000] -> 2[85000] via P2P/IPC/read
x3203c0s19b1n0:13508:13538 [1] NCCL INFO Channel 02/0 : 9[46000] -> 8[7000] via P2P/IPC/read
x3203c0s13b1n0:16748:16773 [3] NCCL INFO Channel 01/0 : 3[c7000] -> 2[85000] via P2P/IPC/read
x3203c0s19b0n0:14942:14970 [1] NCCL INFO Channel 02/0 : 5[46000] -> 8[7000] [send] via NET/IB/1
x3203c0s13b1n0:16748:16773 [3] NCCL INFO Channel 02/0 : 3[c7000] -> 2[85000] via P2P/IPC/read
x3203c0s13b1n0:16745:16770 [0] NCCL INFO Channel 03/0 : 0[7000] -> 1[46000] via P2P/IPC/read
x3203c0s1b0n0:12670:12697 [3] NCCL INFO Connected all rings
x3203c0s1b0n0:12669:12694 [2] NCCL INFO Connected all rings
x3203c0s1b0n0:12667:12699 [0] NCCL INFO Connected all rings
x3203c0s1b0n0:12667:12699 [0] NCCL INFO Channel 00/0 : 12[7000] -> 13[46000] via P2P/IPC/read
x3203c0s1b0n0:12668:12698 [1] NCCL INFO Connected all rings
x3203c0s1b0n0:12669:12694 [2] NCCL INFO Channel 00/0 : 14[85000] -> 15[c7000] via P2P/IPC/read
x3203c0s19b1n0:13508:13538 [1] NCCL INFO Channel 03/0 : 9[46000] -> 8[7000] via P2P/IPC/read
x3203c0s1b0n0:12669:12694 [2] NCCL INFO Channel 01/0 : 14[85000] -> 15[c7000] via P2P/IPC/read
x3203c0s19b0n0:14941:14971 [0] NCCL INFO Channel 03/0 : 0[7000] -> 4[7000] [receive] via NET/IB/0
x3203c0s13b1n0:16748:16773 [3] NCCL INFO Channel 03/0 : 3[c7000] -> 2[85000] via P2P/IPC/read
x3203c0s1b0n0:12668:12698 [1] NCCL INFO Channel 00/0 : 13[46000] -> 14[85000] via P2P/IPC/read
x3203c0s1b0n0:12667:12699 [0] NCCL INFO Channel 01/0 : 12[7000] -> 13[46000] via P2P/IPC/read
x3203c0s19b0n0:14942:14970 [1] NCCL INFO Channel 03/0 : 5[46000] -> 8[7000] [send] via NET/IB/0
x3203c0s1b0n0:12668:12698 [1] NCCL INFO Channel 01/0 : 13[46000] -> 14[85000] via P2P/IPC/read
x3203c0s13b1n0:16745:16770 [0] NCCL INFO Channel 02/0 : 0[7000] -> 4[7000] [send] via NET/IB/1
x3203c0s13b1n0:16745:16770 [0] NCCL INFO Channel 03/0 : 0[7000] -> 4[7000] [send] via NET/IB/0
x3203c0s1b0n0:12669:12694 [2] NCCL INFO Channel 02/0 : 14[85000] -> 15[c7000] via P2P/IPC/read
x3203c0s1b0n0:12669:12694 [2] NCCL INFO Channel 03/0 : 14[85000] -> 15[c7000] via P2P/IPC/read
x3203c0s1b0n0:12670:12697 [3] NCCL INFO Connected all trees
x3203c0s1b0n0:12670:12697 [3] NCCL INFO NCCL_PROTO set by environment to LL
x3203c0s1b0n0:12670:12697 [3] NCCL INFO NCCL_ALGO set by environment to Tree
x3203c0s1b0n0:12670:12697 [3] NCCL INFO threadThresholds 8/8/64 | 128/8/64 | 512 | 512
x3203c0s1b0n0:12670:12697 [3] NCCL INFO 4 coll channels, 4 p2p channels, 2 p2p channels per peer
x3203c0s19b1n0:13509:13537 [2] NCCL INFO Connected all rings
x3203c0s19b1n0:13508:13538 [1] NCCL INFO Connected all rings
x3203c0s13b1n0:16748:16773 [3] NCCL INFO Connected all rings
x3203c0s13b1n0:16747:16775 [2] NCCL INFO Connected all rings
x3203c0s13b1n0:16747:16775 [2] NCCL INFO Channel 00/0 : 2[85000] -> 3[c7000] via P2P/IPC/read
x3203c0s13b1n0:16747:16775 [2] NCCL INFO Channel 01/0 : 2[85000] -> 3[c7000] via P2P/IPC/read
x3203c0s13b1n0:16747:16775 [2] NCCL INFO Channel 02/0 : 2[85000] -> 3[c7000] via P2P/IPC/read
x3203c0s13b1n0:16747:16775 [2] NCCL INFO Channel 03/0 : 2[85000] -> 3[c7000] via P2P/IPC/read
x3203c0s19b1n0:13507:13539 [0] NCCL INFO Connected all rings
x3203c0s19b1n0:13507:13539 [0] NCCL INFO Channel 00/0 : 8[7000] -> 9[46000] via P2P/IPC/read
x3203c0s1b0n0:12667:12699 [0] NCCL INFO Channel 02/0 : 12[7000] -> 13[46000] via P2P/IPC/read
x3203c0s19b1n0:13507:13539 [0] NCCL INFO Channel 01/0 : 8[7000] -> 9[46000] via P2P/IPC/read
x3203c0s1b0n0:12667:12699 [0] NCCL INFO Channel 03/0 : 12[7000] -> 13[46000] via P2P/IPC/read
x3203c0s19b1n0:13507:13539 [0] NCCL INFO Channel 02/0 : 8[7000] -> 9[46000] via P2P/IPC/read
x3203c0s19b1n0:13507:13539 [0] NCCL INFO Channel 03/0 : 8[7000] -> 9[46000] via P2P/IPC/read
x3203c0s1b0n0:12668:12698 [1] NCCL INFO Channel 02/0 : 13[46000] -> 14[85000] via P2P/IPC/read
x3203c0s19b1n0:13509:13537 [2] NCCL INFO Channel 00/0 : 10[85000] -> 11[c7000] via P2P/IPC/read
x3203c0s13b1n0:16748:16773 [3] NCCL INFO Connected all trees
x3203c0s13b1n0:16748:16773 [3] NCCL INFO NCCL_PROTO set by environment to LL
x3203c0s13b1n0:16748:16773 [3] NCCL INFO NCCL_ALGO set by environment to Tree
x3203c0s13b1n0:16748:16773 [3] NCCL INFO threadThresholds 8/8/64 | 128/8/64 | 512 | 512
x3203c0s13b1n0:16748:16773 [3] NCCL INFO 4 coll channels, 4 p2p channels, 2 p2p channels per peer
x3203c0s13b1n0:16747:16775 [2] NCCL INFO Channel 00/0 : 2[85000] -> 1[46000] via P2P/IPC/read
x3203c0s13b1n0:16745:16770 [0] NCCL INFO Channel 00/0 : 8[7000] -> 0[7000] [receive] via NET/IB/1
x3203c0s13b1n0:16745:16770 [0] NCCL INFO Channel 01/0 : 8[7000] -> 0[7000] [receive] via NET/IB/0
x3203c0s13b1n0:16747:16775 [2] NCCL INFO Channel 02/0 : 2[85000] -> 1[46000] via P2P/IPC/read
x3203c0s13b1n0:16746:16774 [1] NCCL INFO Connected all trees
x3203c0s13b1n0:16746:16774 [1] NCCL INFO NCCL_PROTO set by environment to LL
x3203c0s13b1n0:16746:16774 [1] NCCL INFO NCCL_ALGO set by environment to Tree
x3203c0s13b1n0:16746:16774 [1] NCCL INFO threadThresholds 8/8/64 | 128/8/64 | 512 | 512
x3203c0s13b1n0:16746:16774 [1] NCCL INFO 4 coll channels, 4 p2p channels, 2 p2p channels per peer
x3203c0s13b1n0:16747:16775 [2] NCCL INFO Connected all trees
x3203c0s13b1n0:16747:16775 [2] NCCL INFO NCCL_PROTO set by environment to LL
x3203c0s1b0n0:12668:12698 [1] NCCL INFO Channel 03/0 : 13[46000] -> 14[85000] via P2P/IPC/read
x3203c0s13b1n0:16747:16775 [2] NCCL INFO NCCL_ALGO set by environment to Tree
x3203c0s13b1n0:16747:16775 [2] NCCL INFO threadThresholds 8/8/64 | 128/8/64 | 512 | 512
x3203c0s13b1n0:16747:16775 [2] NCCL INFO 4 coll channels, 4 p2p channels, 2 p2p channels per peer
x3203c0s19b0n0:14941:14971 [0] NCCL INFO Channel 00/0 : 4[7000] -> 9[46000] [send] via NET/IB/1
x3203c0s19b0n0:14941:14971 [0] NCCL INFO Channel 01/0 : 4[7000] -> 9[46000] [send] via NET/IB/0
x3203c0s13b1n0:16745:16770 [0] NCCL INFO Channel 00/0 : 0[7000] -> 8[7000] [send] via NET/IB/1
x3203c0s19b1n0:13509:13537 [2] NCCL INFO Channel 01/0 : 10[85000] -> 11[c7000] via P2P/IPC/read
x3203c0s19b1n0:13508:13538 [1] NCCL INFO Channel 00/0 : 9[46000] -> 10[85000] via P2P/IPC/read
x3203c0s19b1n0:13508:13538 [1] NCCL INFO Channel 01/0 : 9[46000] -> 10[85000] via P2P/IPC/read
x3203c0s1b0n0:12667:12699 [0] NCCL INFO Channel 00/0 : 8[7000] -> 12[7000] [receive] via NET/IB/1
x3203c0s1b0n0:12667:12699 [0] NCCL INFO Channel 01/0 : 8[7000] -> 12[7000] [receive] via NET/IB/0
x3203c0s1b0n0:12669:12694 [2] NCCL INFO Channel 00/0 : 14[85000] -> 13[46000] via P2P/IPC/read
x3203c0s19b1n0:13508:13538 [1] NCCL INFO Channel 02/0 : 9[46000] -> 10[85000] via P2P/IPC/read
x3203c0s13b1n0:16745:16770 [0] NCCL INFO Channel 01/0 : 0[7000] -> 8[7000] [send] via NET/IB/0
x3203c0s1b0n0:12669:12694 [2] NCCL INFO Channel 02/0 : 14[85000] -> 13[46000] via P2P/IPC/read
x3203c0s1b0n0:12669:12694 [2] NCCL INFO Connected all trees
x3203c0s1b0n0:12669:12694 [2] NCCL INFO NCCL_PROTO set by environment to LL
x3203c0s1b0n0:12669:12694 [2] NCCL INFO NCCL_ALGO set by environment to Tree
x3203c0s1b0n0:12669:12694 [2] NCCL INFO threadThresholds 8/8/64 | 128/8/64 | 512 | 512
x3203c0s1b0n0:12669:12694 [2] NCCL INFO 4 coll channels, 4 p2p channels, 2 p2p channels per peer
x3203c0s1b0n0:12668:12698 [1] NCCL INFO Connected all trees
x3203c0s1b0n0:12668:12698 [1] NCCL INFO NCCL_PROTO set by environment to LL
x3203c0s1b0n0:12668:12698 [1] NCCL INFO NCCL_ALGO set by environment to Tree
x3203c0s1b0n0:12668:12698 [1] NCCL INFO threadThresholds 8/8/64 | 128/8/64 | 512 | 512
x3203c0s1b0n0:12668:12698 [1] NCCL INFO 4 coll channels, 4 p2p channels, 2 p2p channels per peer
x3203c0s19b1n0:13508:13538 [1] NCCL INFO Channel 03/0 : 9[46000] -> 10[85000] via P2P/IPC/read
x3203c0s19b1n0:13509:13537 [2] NCCL INFO Channel 02/0 : 10[85000] -> 11[c7000] via P2P/IPC/read
x3203c0s19b1n0:13509:13537 [2] NCCL INFO Channel 03/0 : 10[85000] -> 11[c7000] via P2P/IPC/read
x3203c0s19b1n0:13507:13539 [0] NCCL INFO Channel 02/0 : 5[46000] -> 8[7000] [receive] via NET/IB/1
x3203c0s19b1n0:13507:13539 [0] NCCL INFO Channel 03/0 : 5[46000] -> 8[7000] [receive] via NET/IB/0
x3203c0s19b1n0:13510:13536 [3] NCCL INFO Connected all trees
x3203c0s19b1n0:13510:13536 [3] NCCL INFO NCCL_PROTO set by environment to LL
x3203c0s19b1n0:13510:13536 [3] NCCL INFO NCCL_ALGO set by environment to Tree
x3203c0s19b1n0:13510:13536 [3] NCCL INFO threadThresholds 8/8/64 | 128/8/64 | 512 | 512
x3203c0s19b1n0:13510:13536 [3] NCCL INFO 4 coll channels, 4 p2p channels, 2 p2p channels per peer
x3203c0s19b1n0:13509:13537 [2] NCCL INFO Channel 00/0 : 10[85000] -> 9[46000] via P2P/IPC/read
x3203c0s19b1n0:13509:13537 [2] NCCL INFO Channel 02/0 : 10[85000] -> 9[46000] via P2P/IPC/read
x3203c0s19b0n0:14942:14970 [1] NCCL INFO Channel 02/0 : 8[7000] -> 5[46000] [receive] via NET/IB/1
x3203c0s19b1n0:13507:13539 [0] NCCL INFO Channel 00/0 : 8[7000] -> 12[7000] [send] via NET/IB/1
x3203c0s19b1n0:13507:13539 [0] NCCL INFO Channel 01/0 : 8[7000] -> 12[7000] [send] via NET/IB/0
x3203c0s19b1n0:13508:13538 [1] NCCL INFO Channel 00/0 : 4[7000] -> 9[46000] [receive] via NET/IB/1
x3203c0s19b1n0:13508:13538 [1] NCCL INFO Channel 01/0 : 4[7000] -> 9[46000] [receive] via NET/IB/0
x3203c0s19b0n0:14942:14970 [1] NCCL INFO Channel 03/0 : 8[7000] -> 5[46000] [receive] via NET/IB/0
x3203c0s1b0n0:12667:12699 [0] NCCL INFO Channel 02/0 : 4[7000] -> 12[7000] [receive] via NET/IB/1
x3203c0s1b0n0:12667:12699 [0] NCCL INFO Channel 03/0 : 4[7000] -> 12[7000] [receive] via NET/IB/0
x3203c0s1b0n0:12667:12699 [0] NCCL INFO Channel 02/0 : 12[7000] -> 4[7000] [send] via NET/IB/1
x3203c0s1b0n0:12667:12699 [0] NCCL INFO Channel 03/0 : 12[7000] -> 4[7000] [send] via NET/IB/0
x3203c0s19b1n0:13507:13539 [0] NCCL INFO Channel 00/0 : 0[7000] -> 8[7000] [receive] via NET/IB/1
x3203c0s19b1n0:13507:13539 [0] NCCL INFO Channel 01/0 : 0[7000] -> 8[7000] [receive] via NET/IB/0
x3203c0s19b1n0:13507:13539 [0] NCCL INFO Channel 00/0 : 8[7000] -> 0[7000] [send] via NET/IB/1
x3203c0s19b1n0:13507:13539 [0] NCCL INFO Channel 01/0 : 8[7000] -> 0[7000] [send] via NET/IB/0
x3203c0s19b1n0:13508:13538 [1] NCCL INFO Channel 00/0 : 9[46000] -> 4[7000] [send] via NET/IB/1
x3203c0s19b1n0:13508:13538 [1] NCCL INFO Channel 01/0 : 9[46000] -> 4[7000] [send] via NET/IB/0
x3203c0s19b0n0:14941:14971 [0] NCCL INFO Channel 02/0 : 12[7000] -> 4[7000] [receive] via NET/IB/1
x3203c0s19b0n0:14941:14971 [0] NCCL INFO Channel 03/0 : 12[7000] -> 4[7000] [receive] via NET/IB/0
x3203c0s19b0n0:14941:14971 [0] NCCL INFO Channel 02/0 : 4[7000] -> 12[7000] [send] via NET/IB/1
x3203c0s19b0n0:14941:14971 [0] NCCL INFO Channel 03/0 : 4[7000] -> 12[7000] [send] via NET/IB/0
x3203c0s19b1n0:13507:13539 [0] NCCL INFO Channel 00/0 : 12[7000] -> 8[7000] [receive] via NET/IB/1
x3203c0s19b1n0:13507:13539 [0] NCCL INFO Channel 01/0 : 12[7000] -> 8[7000] [receive] via NET/IB/0
x3203c0s1b0n0:12667:12699 [0] NCCL INFO Channel 00/0 : 12[7000] -> 8[7000] [send] via NET/IB/1
x3203c0s19b0n0:14941:14971 [0] NCCL INFO Channel 00/0 : 9[46000] -> 4[7000] [receive] via NET/IB/1
x3203c0s1b0n0:12667:12699 [0] NCCL INFO Channel 01/0 : 12[7000] -> 8[7000] [send] via NET/IB/0
x3203c0s19b0n0:14941:14971 [0] NCCL INFO Channel 01/0 : 9[46000] -> 4[7000] [receive] via NET/IB/0
x3203c0s13b1n0:16745:16770 [0] NCCL INFO Channel 02/0 : 4[7000] -> 0[7000] [receive] via NET/IB/1
x3203c0s13b1n0:16745:16770 [0] NCCL INFO Channel 03/0 : 4[7000] -> 0[7000] [receive] via NET/IB/0
x3203c0s1b0n0:12667:12699 [0] NCCL INFO Connected all trees
x3203c0s1b0n0:12667:12699 [0] NCCL INFO NCCL_PROTO set by environment to LL
x3203c0s1b0n0:12667:12699 [0] NCCL INFO NCCL_ALGO set by environment to Tree
x3203c0s1b0n0:12667:12699 [0] NCCL INFO threadThresholds 8/8/64 | 128/8/64 | 512 | 512
x3203c0s1b0n0:12667:12699 [0] NCCL INFO 4 coll channels, 4 p2p channels, 2 p2p channels per peer
x3203c0s19b1n0:13508:13538 [1] NCCL INFO Connected all trees
x3203c0s19b1n0:13508:13538 [1] NCCL INFO NCCL_PROTO set by environment to LL
x3203c0s19b1n0:13508:13538 [1] NCCL INFO NCCL_ALGO set by environment to Tree
x3203c0s19b1n0:13508:13538 [1] NCCL INFO threadThresholds 8/8/64 | 128/8/64 | 512 | 512
x3203c0s19b1n0:13508:13538 [1] NCCL INFO 4 coll channels, 4 p2p channels, 2 p2p channels per peer
x3203c0s19b1n0:13509:13537 [2] NCCL INFO Connected all trees
x3203c0s19b1n0:13509:13537 [2] NCCL INFO NCCL_PROTO set by environment to LL
x3203c0s19b1n0:13509:13537 [2] NCCL INFO NCCL_ALGO set by environment to Tree
x3203c0s19b1n0:13509:13537 [2] NCCL INFO threadThresholds 8/8/64 | 128/8/64 | 512 | 512
x3203c0s19b1n0:13509:13537 [2] NCCL INFO 4 coll channels, 4 p2p channels, 2 p2p channels per peer
x3203c0s19b1n0:13507:13539 [0] NCCL INFO Channel 02/0 : 8[7000] -> 5[46000] [send] via NET/IB/1
x3203c0s19b1n0:13507:13539 [0] NCCL INFO Channel 03/0 : 8[7000] -> 5[46000] [send] via NET/IB/0
x3203c0s1b0n0:12667:12699 [0] NCCL INFO comm 0x2266c30 rank 12 nranks 16 cudaDev 0 busId 7000 commId 0xace9df1fdaff17db - Init COMPLETE
x3203c0s1b0n0:12668:12698 [1] NCCL INFO comm 0x298c550 rank 13 nranks 16 cudaDev 1 busId 46000 commId 0xace9df1fdaff17db - Init COMPLETE
x3203c0s1b0n0:12669:12694 [2] NCCL INFO comm 0x1f3b860 rank 14 nranks 16 cudaDev 2 busId 85000 commId 0xace9df1fdaff17db - Init COMPLETE
x3203c0s1b0n0:12670:12697 [3] NCCL INFO comm 0x1d9b6e0 rank 15 nranks 16 cudaDev 3 busId c7000 commId 0xace9df1fdaff17db - Init COMPLETE
x3203c0s19b1n0:13507:13539 [0] NCCL INFO Connected all trees
x3203c0s19b1n0:13507:13539 [0] NCCL INFO NCCL_PROTO set by environment to LL
x3203c0s19b1n0:13507:13539 [0] NCCL INFO NCCL_ALGO set by environment to Tree
x3203c0s19b1n0:13507:13539 [0] NCCL INFO threadThresholds 8/8/64 | 128/8/64 | 512 | 512
x3203c0s19b1n0:13507:13539 [0] NCCL INFO 4 coll channels, 4 p2p channels, 2 p2p channels per peer
x3203c0s19b0n0:14942:14970 [1] NCCL INFO Connected all trees
x3203c0s19b0n0:14942:14970 [1] NCCL INFO NCCL_PROTO set by environment to LL
x3203c0s19b0n0:14942:14970 [1] NCCL INFO NCCL_ALGO set by environment to Tree
x3203c0s19b0n0:14942:14970 [1] NCCL INFO threadThresholds 8/8/64 | 128/8/64 | 512 | 512
x3203c0s19b0n0:14942:14970 [1] NCCL INFO 4 coll channels, 4 p2p channels, 2 p2p channels per peer
x3203c0s19b0n0:14943:14968 [2] NCCL INFO Connected all trees
x3203c0s19b0n0:14943:14968 [2] NCCL INFO NCCL_PROTO set by environment to LL
x3203c0s19b0n0:14943:14968 [2] NCCL INFO NCCL_ALGO set by environment to Tree
x3203c0s19b0n0:14943:14968 [2] NCCL INFO threadThresholds 8/8/64 | 128/8/64 | 512 | 512
x3203c0s19b0n0:14943:14968 [2] NCCL INFO 4 coll channels, 4 p2p channels, 2 p2p channels per peer
x3203c0s19b0n0:14941:14971 [0] NCCL INFO Channel 02/0 : 4[7000] -> 0[7000] [send] via NET/IB/1
x3203c0s19b1n0:13507:13539 [0] NCCL INFO comm 0x24a2d20 rank 8 nranks 16 cudaDev 0 busId 7000 commId 0xace9df1fdaff17db - Init COMPLETE
x3203c0s19b1n0:13508:13538 [1] NCCL INFO comm 0x2e18f60 rank 9 nranks 16 cudaDev 1 busId 46000 commId 0xace9df1fdaff17db - Init COMPLETE
x3203c0s19b0n0:14941:14971 [0] NCCL INFO Channel 03/0 : 4[7000] -> 0[7000] [send] via NET/IB/0
x3203c0s19b1n0:13509:13537 [2] NCCL INFO comm 0x31f9000 rank 10 nranks 16 cudaDev 2 busId 85000 commId 0xace9df1fdaff17db - Init COMPLETE
x3203c0s19b1n0:13510:13536 [3] NCCL INFO comm 0x359d540 rank 11 nranks 16 cudaDev 3 busId c7000 commId 0xace9df1fdaff17db - Init COMPLETE
x3203c0s13b1n0:16745:16770 [0] NCCL INFO Connected all trees
x3203c0s13b1n0:16745:16770 [0] NCCL INFO NCCL_PROTO set by environment to LL
x3203c0s13b1n0:16745:16770 [0] NCCL INFO NCCL_ALGO set by environment to Tree
x3203c0s13b1n0:16745:16770 [0] NCCL INFO threadThresholds 8/8/64 | 128/8/64 | 512 | 512
x3203c0s13b1n0:16745:16770 [0] NCCL INFO 4 coll channels, 4 p2p channels, 2 p2p channels per peer
x3203c0s19b0n0:14941:14971 [0] NCCL INFO Connected all trees
x3203c0s19b0n0:14941:14971 [0] NCCL INFO NCCL_PROTO set by environment to LL
x3203c0s19b0n0:14941:14971 [0] NCCL INFO NCCL_ALGO set by environment to Tree
x3203c0s19b0n0:14941:14971 [0] NCCL INFO threadThresholds 8/8/64 | 128/8/64 | 512 | 512
x3203c0s19b0n0:14941:14971 [0] NCCL INFO 4 coll channels, 4 p2p channels, 2 p2p channels per peer
x3203c0s19b0n0:14941:14971 [0] NCCL INFO comm 0x1eae290 rank 4 nranks 16 cudaDev 0 busId 7000 commId 0xace9df1fdaff17db - Init COMPLETE
x3203c0s19b0n0:14942:14970 [1] NCCL INFO comm 0x27e8780 rank 5 nranks 16 cudaDev 1 busId 46000 commId 0xace9df1fdaff17db - Init COMPLETE
x3203c0s19b0n0:14943:14968 [2] NCCL INFO comm 0x313a9d0 rank 6 nranks 16 cudaDev 2 busId 85000 commId 0xace9df1fdaff17db - Init COMPLETE
x3203c0s19b0n0:14944:14969 [3] NCCL INFO comm 0x370e820 rank 7 nranks 16 cudaDev 3 busId c7000 commId 0xace9df1fdaff17db - Init COMPLETE
x3203c0s13b1n0:16745:16770 [0] NCCL INFO comm 0x3114d60 rank 0 nranks 16 cudaDev 0 busId 7000 commId 0xace9df1fdaff17db - Init COMPLETE
#
#                                                              out-of-place                       in-place          
#       size         count      type   redop    root     time   algbw   busbw #wrong     time   algbw   busbw #wrong
#        (B)    (elements)                               (us)  (GB/s)  (GB/s)            (us)  (GB/s)  (GB/s)       
x3203c0s13b1n0:16747:16775 [2] NCCL INFO comm 0x2f23d40 rank 2 nranks 16 cudaDev 2 busId 85000 commId 0xace9df1fdaff17db - Init COMPLETE
x3203c0s13b1n0:16746:16774 [1] NCCL INFO comm 0x2f58fe0 rank 1 nranks 16 cudaDev 1 busId 46000 commId 0xace9df1fdaff17db - Init COMPLETE
x3203c0s13b1n0:16748:16773 [3] NCCL INFO comm 0x1b3cc20 rank 3 nranks 16 cudaDev 3 busId c7000 commId 0xace9df1fdaff17db - Init COMPLETE
           8             2     float     sum      -1    35.26    0.00    0.00      0    35.86    0.00    0.00      0
          16             4     float     sum      -1    35.51    0.00    0.00      0    35.73    0.00    0.00      0
          32             8     float     sum      -1    35.88    0.00    0.00      0    35.28    0.00    0.00      0
          64            16     float     sum      -1    36.08    0.00    0.00      0    35.89    0.00    0.00      0
         128            32     float     sum      -1    36.77    0.00    0.01      0    36.54    0.00    0.01      0
         256            64     float     sum      -1    39.20    0.01    0.01      0    39.98    0.01    0.01      0
         512           128     float     sum      -1    42.82    0.01    0.02      0    42.71    0.01    0.02      0
        1024           256     float     sum      -1    46.56    0.02    0.04      0    46.31    0.02    0.04      0
        2048           512     float     sum      -1    52.32    0.04    0.07      0    52.26    0.04    0.07      0
        4096          1024     float     sum      -1    55.80    0.07    0.14      0    56.29    0.07    0.14      0
        8192          2048     float     sum      -1    60.04    0.14    0.26      0    59.20    0.14    0.26      0
       16384          4096     float     sum      -1    62.94    0.26    0.49      0    61.87    0.26    0.50      0
       32768          8192     float     sum      -1    81.67    0.40    0.75      0    81.41    0.40    0.75      0
       65536         16384     float     sum      -1    117.5    0.56    1.05      0    118.3    0.55    1.04      0
      131072         32768     float     sum      -1    196.1    0.67    1.25      0    194.0    0.68    1.27      0
      262144         65536     float     sum      -1    244.4    1.07    2.01      0    248.2    1.06    1.98      0
      524288        131072     float     sum      -1    368.1    1.42    2.67      0    368.9    1.42    2.66      0
     1048576        262144     float     sum      -1    620.7    1.69    3.17      0    622.1    1.69    3.16      0
     2097152        524288     float     sum      -1   1223.6    1.71    3.21      0   1230.7    1.70    3.19      0
     4194304       1048576     float     sum      -1   2396.3    1.75    3.28      0   2392.2    1.75    3.29      0
     8388608       2097152     float     sum      -1   4742.1    1.77    3.32      0   4737.0    1.77    3.32      0
    16777216       4194304     float     sum      -1   9526.9    1.76    3.30      0   9494.4    1.77    3.31      0
    33554432       8388608     float     sum      -1    18831    1.78    3.34      0    18804    1.78    3.35      0
    67108864      16777216     float     sum      -1    37631    1.78    3.34      0    37683    1.78    3.34      0
   134217728      33554432     float     sum      -1    76375    1.76    3.30      0    76740    1.75    3.28      0
   268435456      67108864     float     sum      -1   153294    1.75    3.28      0   154498    1.74    3.26      0
   536870912     134217728     float     sum      -1   312566    1.72    3.22      0   313901    1.71    3.21      0
x3203c0s19b0n0:14944:14944 [3] NCCL INFO comm 0x370e820 rank 7 nranks 16 cudaDev 3 busId c7000 - Destroy COMPLETE
x3203c0s13b1n0:16748:16748 [3] NCCL INFO comm 0x1b3cc20 rank 3 nranks 16 cudaDev 3 busId c7000 - Destroy COMPLETE
x3203c0s19b0n0:14943:14943 [2] NCCL INFO comm 0x313a9d0 rank 6 nranks 16 cudaDev 2 busId 85000 - Destroy COMPLETE
x3203c0s19b1n0:13510:13510 [3] NCCL INFO comm 0x359d540 rank 11 nranks 16 cudaDev 3 busId c7000 - Destroy COMPLETE
x3203c0s1b0n0:12670:12670 [3] NCCL INFO comm 0x1d9b6e0 rank 15 nranks 16 cudaDev 3 busId c7000 - Destroy COMPLETE
x3203c0s1b0n0:12669:12669 [2] NCCL INFO comm 0x1f3b860 rank 14 nranks 16 cudaDev 2 busId 85000 - Destroy COMPLETE
x3203c0s13b1n0:16747:16747 [2] NCCL INFO comm 0x2f23d40 rank 2 nranks 16 cudaDev 2 busId 85000 - Destroy COMPLETE
x3203c0s19b1n0:13509:13509 [2] NCCL INFO comm 0x31f9000 rank 10 nranks 16 cudaDev 2 busId 85000 - Destroy COMPLETE
x3203c0s1b0n0:12668:12668 [1] NCCL INFO comm 0x298c550 rank 13 nranks 16 cudaDev 1 busId 46000 - Destroy COMPLETE
x3203c0s13b1n0:16746:16746 [1] NCCL INFO comm 0x2f58fe0 rank 1 nranks 16 cudaDev 1 busId 46000 - Destroy COMPLETE
x3203c0s19b0n0:14942:14942 [1] NCCL INFO comm 0x27e8780 rank 5 nranks 16 cudaDev 1 busId 46000 - Destroy COMPLETE
x3203c0s19b1n0:13508:13508 [1] NCCL INFO comm 0x2e18f60 rank 9 nranks 16 cudaDev 1 busId 46000 - Destroy COMPLETE
x3203c0s1b0n0:12667:12667 [0] NCCL INFO comm 0x2266c30 rank 12 nranks 16 cudaDev 0 busId 7000 - Destroy COMPLETE
x3203c0s13b1n0:16745:16745 [0] NCCL INFO comm 0x3114d60 rank 0 nranks 16 cudaDev 0 busId 7000 - Destroy COMPLETE
# Out of bounds values : 0 OK
# Avg bus bandwidth    : 1.53716 
#
x3203c0s19b0n0:14941:14941 [0] NCCL INFO comm 0x1eae290 rank 4 nranks 16 cudaDev 0 busId 7000 - Destroy COMPLETE
x3203c0s19b1n0:13507:13507 [0] NCCL INFO comm 0x24a2d20 rank 8 nranks 16 cudaDev 0 busId 7000 - Destroy COMPLETE

# nThread 1 nGpus 1 minBytes 8 maxBytes 536870912 step: 2(factor) warmup iters: 5 iters: 20 agg iters: 1 validation: 1 graph: 0
#
# Using devices
#  Rank  0 Group  0 Pid  16885 on x3203c0s13b1n0 device  0 [0x07] NVIDIA A100-SXM4-40GB
#  Rank  1 Group  0 Pid  16886 on x3203c0s13b1n0 device  1 [0x46] NVIDIA A100-SXM4-40GB
#  Rank  2 Group  0 Pid  16887 on x3203c0s13b1n0 device  2 [0x85] NVIDIA A100-SXM4-40GB
#  Rank  3 Group  0 Pid  16888 on x3203c0s13b1n0 device  3 [0xc7] NVIDIA A100-SXM4-40GB
#  Rank  4 Group  0 Pid  15076 on x3203c0s19b0n0 device  0 [0x07] NVIDIA A100-SXM4-40GB
#  Rank  5 Group  0 Pid  15077 on x3203c0s19b0n0 device  1 [0x46] NVIDIA A100-SXM4-40GB
#  Rank  6 Group  0 Pid  15078 on x3203c0s19b0n0 device  2 [0x85] NVIDIA A100-SXM4-40GB
#  Rank  7 Group  0 Pid  15079 on x3203c0s19b0n0 device  3 [0xc7] NVIDIA A100-SXM4-40GB
#  Rank  8 Group  0 Pid  13650 on x3203c0s19b1n0 device  0 [0x07] NVIDIA A100-SXM4-40GB
#  Rank  9 Group  0 Pid  13651 on x3203c0s19b1n0 device  1 [0x46] NVIDIA A100-SXM4-40GB
#  Rank 10 Group  0 Pid  13652 on x3203c0s19b1n0 device  2 [0x85] NVIDIA A100-SXM4-40GB
#  Rank 11 Group  0 Pid  13653 on x3203c0s19b1n0 device  3 [0xc7] NVIDIA A100-SXM4-40GB
#  Rank 12 Group  0 Pid  12803 on x3203c0s1b0n0 device  0 [0x07] NVIDIA A100-SXM4-40GB
#  Rank 13 Group  0 Pid  12804 on x3203c0s1b0n0 device  1 [0x46] NVIDIA A100-SXM4-40GB
#  Rank 14 Group  0 Pid  12805 on x3203c0s1b0n0 device  2 [0x85] NVIDIA A100-SXM4-40GB
#  Rank 15 Group  0 Pid  12806 on x3203c0s1b0n0 device  3 [0xc7] NVIDIA A100-SXM4-40GB
x3203c0s13b1n0:16885:16885 [0] NCCL INFO Bootstrap : Using bond0:10.140.56.178<0>
x3203c0s13b1n0:16885:16885 [0] NCCL INFO NET/Plugin : Plugin load returned 17 : libnccl-net.so: cannot open shared object file: No such file or directory.
x3203c0s13b1n0:16885:16885 [0] NCCL INFO cudaDriverVersion 11040
NCCL version 2.16.4+cuda11.0
x3203c0s13b1n0:16885:16914 [0] NCCL INFO NET/IB : Using [0]mlx5_0:1/RoCE [1]mlx5_1:1/RoCE [RO]; OOB bond0:10.140.56.178<0>
x3203c0s13b1n0:16885:16914 [0] NCCL INFO Using network IB
x3203c0s13b1n0:16886:16886 [1] NCCL INFO cudaDriverVersion 11040
x3203c0s13b1n0:16888:16888 [3] NCCL INFO cudaDriverVersion 11040
x3203c0s13b1n0:16887:16887 [2] NCCL INFO cudaDriverVersion 11040
x3203c0s19b0n0:15079:15079 [3] NCCL INFO cudaDriverVersion 11040
x3203c0s19b1n0:13652:13652 [2] NCCL INFO cudaDriverVersion 11040
x3203c0s19b1n0:13653:13653 [3] NCCL INFO cudaDriverVersion 11040
x3203c0s19b0n0:15076:15076 [0] NCCL INFO cudaDriverVersion 11040
x3203c0s19b0n0:15077:15077 [1] NCCL INFO cudaDriverVersion 11040
x3203c0s19b1n0:13651:13651 [1] NCCL INFO cudaDriverVersion 11040
x3203c0s19b0n0:15078:15078 [2] NCCL INFO cudaDriverVersion 11040
x3203c0s19b1n0:13650:13650 [0] NCCL INFO cudaDriverVersion 11040
x3203c0s1b0n0:12806:12806 [3] NCCL INFO cudaDriverVersion 11040
x3203c0s1b0n0:12805:12805 [2] NCCL INFO cudaDriverVersion 11040
x3203c0s1b0n0:12803:12803 [0] NCCL INFO cudaDriverVersion 11040
x3203c0s1b0n0:12804:12804 [1] NCCL INFO cudaDriverVersion 11040
x3203c0s13b1n0:16886:16886 [1] NCCL INFO Bootstrap : Using bond0:10.140.56.178<0>
x3203c0s13b1n0:16886:16886 [1] NCCL INFO NET/Plugin : No plugin found (libnccl-net.so), using internal implementation
x3203c0s13b1n0:16887:16887 [2] NCCL INFO Bootstrap : Using bond0:10.140.56.178<0>
x3203c0s13b1n0:16888:16888 [3] NCCL INFO Bootstrap : Using bond0:10.140.56.178<0>
x3203c0s13b1n0:16888:16888 [3] NCCL INFO NET/Plugin : No plugin found (libnccl-net.so), using internal implementation
x3203c0s13b1n0:16887:16887 [2] NCCL INFO NET/Plugin : No plugin found (libnccl-net.so), using internal implementation
x3203c0s13b1n0:16886:16917 [1] NCCL INFO NET/IB : Using [0]mlx5_0:1/RoCE [1]mlx5_1:1/RoCE [RO]; OOB bond0:10.140.56.178<0>
x3203c0s13b1n0:16886:16917 [1] NCCL INFO Using network IB
x3203c0s13b1n0:16887:16919 [2] NCCL INFO NET/IB : Using [0]mlx5_0:1/RoCE [1]mlx5_1:1/RoCE [RO]; OOB bond0:10.140.56.178<0>
x3203c0s13b1n0:16887:16919 [2] NCCL INFO Using network IB
x3203c0s13b1n0:16888:16918 [3] NCCL INFO NET/IB : Using [0]mlx5_0:1/RoCE [1]mlx5_1:1/RoCE [RO]; OOB bond0:10.140.56.178<0>
x3203c0s13b1n0:16888:16918 [3] NCCL INFO Using network IB
x3203c0s1b0n0:12806:12806 [3] NCCL INFO Bootstrap : Using bond0:10.140.56.173<0>
x3203c0s1b0n0:12806:12806 [3] NCCL INFO NET/Plugin : No plugin found (libnccl-net.so), using internal implementation
x3203c0s19b1n0:13652:13652 [2] NCCL INFO Bootstrap : Using bond0:10.140.56.180<0>
x3203c0s19b1n0:13653:13653 [3] NCCL INFO Bootstrap : Using bond0:10.140.56.180<0>
x3203c0s19b1n0:13653:13653 [3] NCCL INFO NET/Plugin : No plugin found (libnccl-net.so), using internal implementation
x3203c0s19b1n0:13652:13652 [2] NCCL INFO NET/Plugin : No plugin found (libnccl-net.so), using internal implementation
