x3203c0s13b1n0:16940:16969 [0] NCCL INFO Channel 03/04 :    0   7   6   5   4  11  10   9   8  15  14  13  12   3   2   1
x3203c0s13b1n0:16941:16972 [1] NCCL INFO Trees [0] 2/-1/-1->1->0 [1] 2/-1/-1->1->0 [2] 2/-1/-1->1->0 [3] 2/-1/-1->1->0
x3203c0s13b1n0:16941:16972 [1] NCCL INFO P2P Chunksize set to 131072
x3203c0s13b1n0:16942:16974 [2] NCCL INFO Trees [0] 3/-1/-1->2->1 [1] 3/-1/-1->2->1 [2] 3/-1/-1->2->1 [3] 3/-1/-1->2->1
x3203c0s13b1n0:16942:16974 [2] NCCL INFO P2P Chunksize set to 131072
x3203c0s13b1n0:16943:16973 [3] NCCL INFO Trees [0] -1/-1/-1->3->2 [1] -1/-1/-1->3->2 [2] -1/-1/-1->3->2 [3] -1/-1/-1->3->2
x3203c0s13b1n0:16943:16973 [3] NCCL INFO P2P Chunksize set to 131072
x3203c0s19b0n0:15125:15157 [0] NCCL INFO Trees [0] 5/-1/-1->4->9 [1] 5/-1/-1->4->9 [2] 5/0/-1->4->12 [3] 5/0/-1->4->12
x3203c0s19b0n0:15125:15157 [0] NCCL INFO P2P Chunksize set to 131072
x3203c0s13b1n0:16940:16969 [0] NCCL INFO Trees [0] 1/8/-1->0->-1 [1] 1/8/-1->0->-1 [2] 1/-1/-1->0->4 [3] 1/-1/-1->0->4
x3203c0s13b1n0:16940:16969 [0] NCCL INFO P2P Chunksize set to 131072
x3203c0s19b0n0:15126:15155 [1] NCCL INFO Trees [0] 6/-1/-1->5->4 [1] 6/-1/-1->5->4 [2] 6/8/-1->5->4 [3] 6/8/-1->5->4
x3203c0s19b0n0:15126:15155 [1] NCCL INFO P2P Chunksize set to 131072
x3203c0s1b0n0:12856:12881 [3] NCCL INFO Trees [0] -1/-1/-1->15->14 [1] -1/-1/-1->15->14 [2] -1/-1/-1->15->14 [3] -1/-1/-1->15->14
x3203c0s1b0n0:12856:12881 [3] NCCL INFO P2P Chunksize set to 131072
x3203c0s19b0n0:15127:15156 [2] NCCL INFO Trees [0] 7/-1/-1->6->5 [1] 7/-1/-1->6->5 [2] 7/-1/-1->6->5 [3] 7/-1/-1->6->5
x3203c0s19b0n0:15127:15156 [2] NCCL INFO P2P Chunksize set to 131072
x3203c0s19b1n0:13701:13728 [1] NCCL INFO Trees [0] 10/4/-1->9->8 [1] 10/4/-1->9->8 [2] 10/-1/-1->9->8 [3] 10/-1/-1->9->8
x3203c0s19b1n0:13701:13728 [1] NCCL INFO P2P Chunksize set to 131072
x3203c0s1b0n0:12853:12885 [0] NCCL INFO Trees [0] 13/-1/-1->12->8 [1] 13/-1/-1->12->8 [2] 13/4/-1->12->-1 [3] 13/4/-1->12->-1
x3203c0s1b0n0:12853:12885 [0] NCCL INFO P2P Chunksize set to 131072
x3203c0s13b1n0:16940:16969 [0] NCCL INFO Channel 00/0 : 0[7000] -> 3[c7000] via P2P/IPC/read
x3203c0s19b0n0:15128:15152 [3] NCCL INFO Trees [0] -1/-1/-1->7->6 [1] -1/-1/-1->7->6 [2] -1/-1/-1->7->6 [3] -1/-1/-1->7->6
x3203c0s19b0n0:15128:15152 [3] NCCL INFO P2P Chunksize set to 131072
x3203c0s19b1n0:13702:13731 [2] NCCL INFO Trees [0] 11/-1/-1->10->9 [1] 11/-1/-1->10->9 [2] 11/-1/-1->10->9 [3] 11/-1/-1->10->9
x3203c0s19b1n0:13702:13731 [2] NCCL INFO P2P Chunksize set to 131072
x3203c0s1b0n0:12854:12884 [1] NCCL INFO Trees [0] 14/-1/-1->13->12 [1] 14/-1/-1->13->12 [2] 14/-1/-1->13->12 [3] 14/-1/-1->13->12
x3203c0s1b0n0:12854:12884 [1] NCCL INFO P2P Chunksize set to 131072
x3203c0s19b0n0:15125:15157 [0] NCCL INFO Channel 00/0 : 4[7000] -> 7[c7000] via P2P/IPC/read
x3203c0s19b1n0:13703:13732 [3] NCCL INFO Trees [0] -1/-1/-1->11->10 [1] -1/-1/-1->11->10 [2] -1/-1/-1->11->10 [3] -1/-1/-1->11->10
x3203c0s19b1n0:13703:13732 [3] NCCL INFO P2P Chunksize set to 131072
x3203c0s1b0n0:12855:12886 [2] NCCL INFO Trees [0] 15/-1/-1->14->13 [1] 15/-1/-1->14->13 [2] 15/-1/-1->14->13 [3] 15/-1/-1->14->13
x3203c0s1b0n0:12855:12886 [2] NCCL INFO P2P Chunksize set to 131072
x3203c0s19b0n0:15125:15157 [0] NCCL INFO Channel 02/0 : 4[7000] -> 7[c7000] via P2P/IPC/read
x3203c0s19b1n0:13700:13733 [0] NCCL INFO Trees [0] 9/12/-1->8->0 [1] 9/12/-1->8->0 [2] 9/-1/-1->8->5 [3] 9/-1/-1->8->5
x3203c0s19b1n0:13700:13733 [0] NCCL INFO P2P Chunksize set to 131072
x3203c0s19b1n0:13700:13733 [0] NCCL INFO Channel 00/0 : 8[7000] -> 11[c7000] via P2P/IPC/read
x3203c0s19b1n0:13700:13733 [0] NCCL INFO Channel 02/0 : 8[7000] -> 11[c7000] via P2P/IPC/read
x3203c0s1b0n0:12853:12885 [0] NCCL INFO Channel 00/0 : 12[7000] -> 15[c7000] via P2P/IPC/read
x3203c0s1b0n0:12853:12885 [0] NCCL INFO Channel 02/0 : 12[7000] -> 15[c7000] via P2P/IPC/read
x3203c0s19b0n0:15127:15156 [2] NCCL INFO Channel 00/0 : 6[85000] -> 9[46000] [send] via NET/IB/1
x3203c0s1b0n0:12853:12885 [0] NCCL INFO Channel 01/0 : 12[7000] -> 3[c7000] [send] via NET/IB/0
x3203c0s19b0n0:15127:15156 [2] NCCL INFO Channel 02/0 : 6[85000] -> 9[46000] [send] via NET/IB/1
x3203c0s1b0n0:12854:12884 [1] NCCL INFO Channel 00/0 : 10[85000] -> 13[46000] [receive] via NET/IB/1
x3203c0s1b0n0:12854:12884 [1] NCCL INFO Channel 02/0 : 10[85000] -> 13[46000] [receive] via NET/IB/1
x3203c0s19b0n0:15126:15155 [1] NCCL INFO Channel 00/0 : 2[85000] -> 5[46000] [receive] via NET/IB/1
x3203c0s13b1n0:16941:16972 [1] NCCL INFO Channel 00/0 : 14[85000] -> 1[46000] [receive] via NET/IB/1
x3203c0s13b1n0:16940:16969 [0] NCCL INFO Channel 02/0 : 0[7000] -> 3[c7000] via P2P/IPC/read
x3203c0s13b1n0:16942:16974 [2] NCCL INFO Channel 00/0 : 2[85000] -> 5[46000] [send] via NET/IB/1
x3203c0s1b0n0:12855:12886 [2] NCCL INFO Channel 00/0 : 14[85000] -> 1[46000] [send] via NET/IB/1
x3203c0s1b0n0:12853:12885 [0] NCCL INFO Channel 03/0 : 12[7000] -> 3[c7000] [send] via NET/IB/0
x3203c0s19b1n0:13700:13733 [0] NCCL INFO Channel 01/0 : 8[7000] -> 15[c7000] [send] via NET/IB/0
x3203c0s19b1n0:13702:13731 [2] NCCL INFO Channel 00/0 : 10[85000] -> 13[46000] [send] via NET/IB/1
x3203c0s1b0n0:12855:12886 [2] NCCL INFO Channel 02/0 : 14[85000] -> 1[46000] [send] via NET/IB/1
x3203c0s13b1n0:16942:16974 [2] NCCL INFO Channel 02/0 : 2[85000] -> 5[46000] [send] via NET/IB/1
x3203c0s13b1n0:16941:16972 [1] NCCL INFO Channel 02/0 : 14[85000] -> 1[46000] [receive] via NET/IB/1
x3203c0s19b1n0:13700:13733 [0] NCCL INFO Channel 03/0 : 8[7000] -> 15[c7000] [send] via NET/IB/0
x3203c0s19b1n0:13701:13728 [1] NCCL INFO Channel 00/0 : 6[85000] -> 9[46000] [receive] via NET/IB/1
x3203c0s19b1n0:13701:13728 [1] NCCL INFO Channel 02/0 : 6[85000] -> 9[46000] [receive] via NET/IB/1
x3203c0s1b0n0:12856:12881 [3] NCCL INFO Channel 01/0 : 8[7000] -> 15[c7000] [receive] via NET/IB/0
x3203c0s19b1n0:13702:13731 [2] NCCL INFO Channel 02/0 : 10[85000] -> 13[46000] [send] via NET/IB/1
x3203c0s19b0n0:15126:15155 [1] NCCL INFO Channel 02/0 : 2[85000] -> 5[46000] [receive] via NET/IB/1
x3203c0s19b0n0:15127:15156 [2] NCCL INFO Channel 01/0 : 6[85000] -> 5[46000] via P2P/IPC/read
x3203c0s1b0n0:12855:12886 [2] NCCL INFO Channel 01/0 : 14[85000] -> 13[46000] via P2P/IPC/read
x3203c0s1b0n0:12855:12886 [2] NCCL INFO Channel 03/0 : 14[85000] -> 13[46000] via P2P/IPC/read
x3203c0s19b0n0:15127:15156 [2] NCCL INFO Channel 03/0 : 6[85000] -> 5[46000] via P2P/IPC/read
x3203c0s19b1n0:13703:13732 [3] NCCL INFO Channel 01/0 : 4[7000] -> 11[c7000] [receive] via NET/IB/0
x3203c0s19b1n0:13702:13731 [2] NCCL INFO Channel 01/0 : 10[85000] -> 9[46000] via P2P/IPC/read
x3203c0s19b1n0:13701:13728 [1] NCCL INFO Channel 00/0 : 9[46000] -> 8[7000] via P2P/IPC/read
x3203c0s19b1n0:13701:13728 [1] NCCL INFO Channel 01/0 : 9[46000] -> 8[7000] via P2P/IPC/read
x3203c0s19b1n0:13701:13728 [1] NCCL INFO Channel 02/0 : 9[46000] -> 8[7000] via P2P/IPC/read
x3203c0s19b1n0:13701:13728 [1] NCCL INFO Channel 03/0 : 9[46000] -> 8[7000] via P2P/IPC/read
x3203c0s13b1n0:16941:16972 [1] NCCL INFO Channel 00/0 : 1[46000] -> 0[7000] via P2P/IPC/read
x3203c0s1b0n0:12854:12884 [1] NCCL INFO Channel 00/0 : 13[46000] -> 12[7000] via P2P/IPC/read
x3203c0s1b0n0:12854:12884 [1] NCCL INFO Channel 01/0 : 13[46000] -> 12[7000] via P2P/IPC/read
x3203c0s1b0n0:12854:12884 [1] NCCL INFO Channel 02/0 : 13[46000] -> 12[7000] via P2P/IPC/read
x3203c0s1b0n0:12854:12884 [1] NCCL INFO Channel 03/0 : 13[46000] -> 12[7000] via P2P/IPC/read
x3203c0s13b1n0:16941:16972 [1] NCCL INFO Channel 01/0 : 1[46000] -> 0[7000] via P2P/IPC/read
x3203c0s19b0n0:15126:15155 [1] NCCL INFO Channel 00/0 : 5[46000] -> 4[7000] via P2P/IPC/read
x3203c0s13b1n0:16943:16973 [3] NCCL INFO Channel 01/0 : 12[7000] -> 3[c7000] [receive] via NET/IB/0
x3203c0s13b1n0:16943:16973 [3] NCCL INFO Channel 03/0 : 12[7000] -> 3[c7000] [receive] via NET/IB/0
x3203c0s19b0n0:15126:15155 [1] NCCL INFO Channel 01/0 : 5[46000] -> 4[7000] via P2P/IPC/read
x3203c0s13b1n0:16942:16974 [2] NCCL INFO Channel 01/0 : 2[85000] -> 1[46000] via P2P/IPC/read
x3203c0s1b0n0:12856:12881 [3] NCCL INFO Channel 03/0 : 8[7000] -> 15[c7000] [receive] via NET/IB/0
x3203c0s19b0n0:15125:15157 [0] NCCL INFO Channel 01/0 : 4[7000] -> 11[c7000] [send] via NET/IB/0
x3203c0s13b1n0:16940:16969 [0] NCCL INFO Channel 01/0 : 0[7000] -> 7[c7000] [send] via NET/IB/0
x3203c0s19b1n0:13702:13731 [2] NCCL INFO Channel 03/0 : 10[85000] -> 9[46000] via P2P/IPC/read
x3203c0s13b1n0:16941:16972 [1] NCCL INFO Channel 02/0 : 1[46000] -> 0[7000] via P2P/IPC/read
x3203c0s19b0n0:15126:15155 [1] NCCL INFO Channel 02/0 : 5[46000] -> 4[7000] via P2P/IPC/read
x3203c0s13b1n0:16942:16974 [2] NCCL INFO Channel 03/0 : 2[85000] -> 1[46000] via P2P/IPC/read
x3203c0s1b0n0:12856:12881 [3] NCCL INFO Channel 00/0 : 15[c7000] -> 14[85000] via P2P/IPC/read
x3203c0s1b0n0:12853:12885 [0] NCCL INFO Connected all rings
x3203c0s1b0n0:12853:12885 [0] NCCL INFO Channel 00/0 : 12[7000] -> 13[46000] via P2P/IPC/read
x3203c0s19b0n0:15128:15152 [3] NCCL INFO Channel 01/0 : 0[7000] -> 7[c7000] [receive] via NET/IB/0
x3203c0s1b0n0:12854:12884 [1] NCCL INFO Connected all rings
x3203c0s19b1n0:13700:13733 [0] NCCL INFO Connected all rings
x3203c0s19b1n0:13700:13733 [0] NCCL INFO Channel 00/0 : 8[7000] -> 9[46000] via P2P/IPC/read
x3203c0s1b0n0:12856:12881 [3] NCCL INFO Channel 01/0 : 15[c7000] -> 14[85000] via P2P/IPC/read
x3203c0s13b1n0:16943:16973 [3] NCCL INFO Channel 00/0 : 3[c7000] -> 2[85000] via P2P/IPC/read
x3203c0s19b1n0:13700:13733 [0] NCCL INFO Channel 01/0 : 8[7000] -> 9[46000] via P2P/IPC/read
x3203c0s1b0n0:12853:12885 [0] NCCL INFO Channel 01/0 : 12[7000] -> 13[46000] via P2P/IPC/read
x3203c0s1b0n0:12854:12884 [1] NCCL INFO Channel 00/0 : 13[46000] -> 14[85000] via P2P/IPC/read
x3203c0s13b1n0:16943:16973 [3] NCCL INFO Channel 01/0 : 3[c7000] -> 2[85000] via P2P/IPC/read
x3203c0s1b0n0:12856:12881 [3] NCCL INFO Channel 02/0 : 15[c7000] -> 14[85000] via P2P/IPC/read
x3203c0s19b1n0:13700:13733 [0] NCCL INFO Channel 02/0 : 8[7000] -> 9[46000] via P2P/IPC/read
x3203c0s13b1n0:16941:16972 [1] NCCL INFO Channel 03/0 : 1[46000] -> 0[7000] via P2P/IPC/read
x3203c0s19b1n0:13701:13728 [1] NCCL INFO Connected all rings
x3203c0s19b1n0:13701:13728 [1] NCCL INFO Channel 00/0 : 9[46000] -> 10[85000] via P2P/IPC/read
x3203c0s19b1n0:13701:13728 [1] NCCL INFO Channel 01/0 : 9[46000] -> 10[85000] via P2P/IPC/read
x3203c0s19b1n0:13701:13728 [1] NCCL INFO Channel 02/0 : 9[46000] -> 10[85000] via P2P/IPC/read
x3203c0s19b1n0:13701:13728 [1] NCCL INFO Channel 03/0 : 9[46000] -> 10[85000] via P2P/IPC/read
x3203c0s19b0n0:15126:15155 [1] NCCL INFO Channel 03/0 : 5[46000] -> 4[7000] via P2P/IPC/read
x3203c0s13b1n0:16943:16973 [3] NCCL INFO Channel 02/0 : 3[c7000] -> 2[85000] via P2P/IPC/read
x3203c0s13b1n0:16943:16973 [3] NCCL INFO Channel 03/0 : 3[c7000] -> 2[85000] via P2P/IPC/read
x3203c0s13b1n0:16943:16973 [3] NCCL INFO Connected all rings
x3203c0s13b1n0:16942:16974 [2] NCCL INFO Connected all rings
x3203c0s1b0n0:12853:12885 [0] NCCL INFO Channel 02/0 : 12[7000] -> 13[46000] via P2P/IPC/read
x3203c0s1b0n0:12854:12884 [1] NCCL INFO Channel 01/0 : 13[46000] -> 14[85000] via P2P/IPC/read
x3203c0s1b0n0:12854:12884 [1] NCCL INFO Channel 02/0 : 13[46000] -> 14[85000] via P2P/IPC/read
x3203c0s1b0n0:12854:12884 [1] NCCL INFO Channel 03/0 : 13[46000] -> 14[85000] via P2P/IPC/read
x3203c0s1b0n0:12856:12881 [3] NCCL INFO Channel 03/0 : 15[c7000] -> 14[85000] via P2P/IPC/read
x3203c0s1b0n0:12853:12885 [0] NCCL INFO Channel 03/0 : 12[7000] -> 13[46000] via P2P/IPC/read
x3203c0s19b0n0:15125:15157 [0] NCCL INFO Channel 03/0 : 4[7000] -> 11[c7000] [send] via NET/IB/0
x3203c0s13b1n0:16940:16969 [0] NCCL INFO Channel 03/0 : 0[7000] -> 7[c7000] [send] via NET/IB/0
x3203c0s19b1n0:13703:13732 [3] NCCL INFO Channel 03/0 : 4[7000] -> 11[c7000] [receive] via NET/IB/0
x3203c0s19b1n0:13700:13733 [0] NCCL INFO Channel 03/0 : 8[7000] -> 9[46000] via P2P/IPC/read
x3203c0s19b1n0:13703:13732 [3] NCCL INFO Channel 00/0 : 11[c7000] -> 10[85000] via P2P/IPC/read
x3203c0s19b1n0:13703:13732 [3] NCCL INFO Channel 01/0 : 11[c7000] -> 10[85000] via P2P/IPC/read
x3203c0s19b0n0:15125:15157 [0] NCCL INFO Connected all rings
x3203c0s19b0n0:15125:15157 [0] NCCL INFO Channel 00/0 : 4[7000] -> 5[46000] via P2P/IPC/read
x3203c0s19b0n0:15126:15155 [1] NCCL INFO Connected all rings
x3203c0s13b1n0:16942:16974 [2] NCCL INFO Channel 00/0 : 2[85000] -> 3[c7000] via P2P/IPC/read
x3203c0s19b0n0:15128:15152 [3] NCCL INFO Channel 03/0 : 0[7000] -> 7[c7000] [receive] via NET/IB/0
x3203c0s19b1n0:13703:13732 [3] NCCL INFO Channel 02/0 : 11[c7000] -> 10[85000] via P2P/IPC/read
x3203c0s19b0n0:15125:15157 [0] NCCL INFO Channel 01/0 : 4[7000] -> 5[46000] via P2P/IPC/read
x3203c0s1b0n0:12856:12881 [3] NCCL INFO Connected all rings
x3203c0s1b0n0:12855:12886 [2] NCCL INFO Connected all rings
x3203c0s19b0n0:15128:15152 [3] NCCL INFO Channel 00/0 : 7[c7000] -> 6[85000] via P2P/IPC/read
x3203c0s19b0n0:15128:15152 [3] NCCL INFO Channel 01/0 : 7[c7000] -> 6[85000] via P2P/IPC/read
x3203c0s19b0n0:15128:15152 [3] NCCL INFO Channel 02/0 : 7[c7000] -> 6[85000] via P2P/IPC/read
x3203c0s19b0n0:15128:15152 [3] NCCL INFO Channel 03/0 : 7[c7000] -> 6[85000] via P2P/IPC/read
x3203c0s13b1n0:16940:16969 [0] NCCL INFO Connected all rings
x3203c0s13b1n0:16940:16969 [0] NCCL INFO Channel 00/0 : 0[7000] -> 1[46000] via P2P/IPC/read
x3203c0s13b1n0:16940:16969 [0] NCCL INFO Channel 01/0 : 0[7000] -> 1[46000] via P2P/IPC/read
x3203c0s19b0n0:15128:15152 [3] NCCL INFO Connected all rings
x3203c0s13b1n0:16941:16972 [1] NCCL INFO Connected all rings
x3203c0s13b1n0:16941:16972 [1] NCCL INFO Channel 00/0 : 1[46000] -> 2[85000] via P2P/IPC/read
x3203c0s19b0n0:15127:15156 [2] NCCL INFO Connected all rings
x3203c0s19b0n0:15126:15155 [1] NCCL INFO Channel 00/0 : 5[46000] -> 6[85000] via P2P/IPC/read
x3203c0s19b0n0:15126:15155 [1] NCCL INFO Channel 01/0 : 5[46000] -> 6[85000] via P2P/IPC/read
x3203c0s19b0n0:15126:15155 [1] NCCL INFO Channel 02/0 : 5[46000] -> 6[85000] via P2P/IPC/read
x3203c0s19b0n0:15126:15155 [1] NCCL INFO Channel 03/0 : 5[46000] -> 6[85000] via P2P/IPC/read
x3203c0s1b0n0:12853:12885 [0] NCCL INFO Channel 00/0 : 8[7000] -> 12[7000] [receive] via NET/IB/1
x3203c0s1b0n0:12855:12886 [2] NCCL INFO Channel 00/0 : 14[85000] -> 15[c7000] via P2P/IPC/read
x3203c0s1b0n0:12855:12886 [2] NCCL INFO Channel 01/0 : 14[85000] -> 15[c7000] via P2P/IPC/read
x3203c0s1b0n0:12855:12886 [2] NCCL INFO Channel 02/0 : 14[85000] -> 15[c7000] via P2P/IPC/read
x3203c0s1b0n0:12855:12886 [2] NCCL INFO Channel 03/0 : 14[85000] -> 15[c7000] via P2P/IPC/read
x3203c0s13b1n0:16940:16969 [0] NCCL INFO Channel 02/0 : 0[7000] -> 1[46000] via P2P/IPC/read
x3203c0s13b1n0:16942:16974 [2] NCCL INFO Channel 01/0 : 2[85000] -> 3[c7000] via P2P/IPC/read
x3203c0s13b1n0:16942:16974 [2] NCCL INFO Channel 02/0 : 2[85000] -> 3[c7000] via P2P/IPC/read
x3203c0s1b0n0:12853:12885 [0] NCCL INFO Channel 01/0 : 8[7000] -> 12[7000] [receive] via NET/IB/0
x3203c0s13b1n0:16941:16972 [1] NCCL INFO Channel 01/0 : 1[46000] -> 2[85000] via P2P/IPC/read
x3203c0s19b1n0:13703:13732 [3] NCCL INFO Channel 03/0 : 11[c7000] -> 10[85000] via P2P/IPC/read
x3203c0s19b0n0:15125:15157 [0] NCCL INFO Channel 02/0 : 4[7000] -> 5[46000] via P2P/IPC/read
x3203c0s1b0n0:12856:12881 [3] NCCL INFO Connected all trees
x3203c0s1b0n0:12856:12881 [3] NCCL INFO NCCL_PROTO set by environment to LL128
x3203c0s1b0n0:12856:12881 [3] NCCL INFO NCCL_ALGO set by environment to Tree
x3203c0s1b0n0:12856:12881 [3] NCCL INFO threadThresholds 8/8/64 | 128/8/64 | 512 | 512
x3203c0s1b0n0:12856:12881 [3] NCCL INFO 4 coll channels, 4 p2p channels, 2 p2p channels per peer
x3203c0s1b0n0:12855:12886 [2] NCCL INFO Channel 00/0 : 14[85000] -> 13[46000] via P2P/IPC/read
x3203c0s19b1n0:13700:13733 [0] NCCL INFO Channel 02/0 : 5[46000] -> 8[7000] [receive] via NET/IB/1
x3203c0s13b1n0:16940:16969 [0] NCCL INFO Channel 03/0 : 0[7000] -> 1[46000] via P2P/IPC/read
x3203c0s13b1n0:16942:16974 [2] NCCL INFO Channel 03/0 : 2[85000] -> 3[c7000] via P2P/IPC/read
x3203c0s13b1n0:16943:16973 [3] NCCL INFO Connected all trees
x3203c0s13b1n0:16943:16973 [3] NCCL INFO NCCL_PROTO set by environment to LL128
x3203c0s13b1n0:16943:16973 [3] NCCL INFO NCCL_ALGO set by environment to Tree
x3203c0s13b1n0:16943:16973 [3] NCCL INFO threadThresholds 8/8/64 | 128/8/64 | 512 | 512
x3203c0s13b1n0:16943:16973 [3] NCCL INFO 4 coll channels, 4 p2p channels, 2 p2p channels per peer
x3203c0s13b1n0:16941:16972 [1] NCCL INFO Channel 02/0 : 1[46000] -> 2[85000] via P2P/IPC/read
x3203c0s19b0n0:15125:15157 [0] NCCL INFO Channel 03/0 : 4[7000] -> 5[46000] via P2P/IPC/read
x3203c0s19b1n0:13703:13732 [3] NCCL INFO Connected all rings
x3203c0s1b0n0:12855:12886 [2] NCCL INFO Channel 02/0 : 14[85000] -> 13[46000] via P2P/IPC/read
x3203c0s19b1n0:13702:13731 [2] NCCL INFO Connected all rings
x3203c0s19b1n0:13702:13731 [2] NCCL INFO Channel 00/0 : 10[85000] -> 11[c7000] via P2P/IPC/read
x3203c0s19b1n0:13702:13731 [2] NCCL INFO Channel 01/0 : 10[85000] -> 11[c7000] via P2P/IPC/read
x3203c0s19b1n0:13702:13731 [2] NCCL INFO Channel 02/0 : 10[85000] -> 11[c7000] via P2P/IPC/read
x3203c0s19b1n0:13702:13731 [2] NCCL INFO Channel 03/0 : 10[85000] -> 11[c7000] via P2P/IPC/read
x3203c0s19b1n0:13701:13728 [1] NCCL INFO Channel 00/0 : 4[7000] -> 9[46000] [receive] via NET/IB/1
x3203c0s19b0n0:15127:15156 [2] NCCL INFO Channel 00/0 : 6[85000] -> 7[c7000] via P2P/IPC/read
x3203c0s19b1n0:13701:13728 [1] NCCL INFO Channel 01/0 : 4[7000] -> 9[46000] [receive] via NET/IB/0
x3203c0s19b0n0:15127:15156 [2] NCCL INFO Channel 01/0 : 6[85000] -> 7[c7000] via P2P/IPC/read
x3203c0s19b0n0:15127:15156 [2] NCCL INFO Channel 02/0 : 6[85000] -> 7[c7000] via P2P/IPC/read
x3203c0s19b0n0:15127:15156 [2] NCCL INFO Channel 03/0 : 6[85000] -> 7[c7000] via P2P/IPC/read
x3203c0s19b0n0:15128:15152 [3] NCCL INFO Connected all trees
x3203c0s19b0n0:15128:15152 [3] NCCL INFO NCCL_PROTO set by environment to LL128
x3203c0s19b0n0:15128:15152 [3] NCCL INFO NCCL_ALGO set by environment to Tree
x3203c0s19b0n0:15128:15152 [3] NCCL INFO threadThresholds 8/8/64 | 128/8/64 | 512 | 512
x3203c0s19b0n0:15128:15152 [3] NCCL INFO 4 coll channels, 4 p2p channels, 2 p2p channels per peer
x3203c0s19b0n0:15127:15156 [2] NCCL INFO Channel 00/0 : 6[85000] -> 5[46000] via P2P/IPC/read
x3203c0s13b1n0:16941:16972 [1] NCCL INFO Channel 03/0 : 1[46000] -> 2[85000] via P2P/IPC/read
x3203c0s19b1n0:13700:13733 [0] NCCL INFO Channel 03/0 : 5[46000] -> 8[7000] [receive] via NET/IB/0
x3203c0s13b1n0:16942:16974 [2] NCCL INFO Channel 00/0 : 2[85000] -> 1[46000] via P2P/IPC/read
x3203c0s13b1n0:16942:16974 [2] NCCL INFO Channel 02/0 : 2[85000] -> 1[46000] via P2P/IPC/read
x3203c0s13b1n0:16942:16974 [2] NCCL INFO Connected all trees
x3203c0s13b1n0:16942:16974 [2] NCCL INFO NCCL_PROTO set by environment to LL128
x3203c0s13b1n0:16942:16974 [2] NCCL INFO NCCL_ALGO set by environment to Tree
x3203c0s13b1n0:16942:16974 [2] NCCL INFO threadThresholds 8/8/64 | 128/8/64 | 512 | 512
x3203c0s13b1n0:16942:16974 [2] NCCL INFO 4 coll channels, 4 p2p channels, 2 p2p channels per peer
x3203c0s13b1n0:16941:16972 [1] NCCL INFO Connected all trees
x3203c0s13b1n0:16941:16972 [1] NCCL INFO NCCL_PROTO set by environment to LL128
x3203c0s13b1n0:16941:16972 [1] NCCL INFO NCCL_ALGO set by environment to Tree
x3203c0s13b1n0:16941:16972 [1] NCCL INFO threadThresholds 8/8/64 | 128/8/64 | 512 | 512
x3203c0s13b1n0:16941:16972 [1] NCCL INFO 4 coll channels, 4 p2p channels, 2 p2p channels per peer
x3203c0s19b1n0:13703:13732 [3] NCCL INFO Connected all trees
x3203c0s19b1n0:13703:13732 [3] NCCL INFO NCCL_PROTO set by environment to LL128
x3203c0s19b1n0:13703:13732 [3] NCCL INFO NCCL_ALGO set by environment to Tree
x3203c0s19b1n0:13703:13732 [3] NCCL INFO threadThresholds 8/8/64 | 128/8/64 | 512 | 512
x3203c0s19b1n0:13703:13732 [3] NCCL INFO 4 coll channels, 4 p2p channels, 2 p2p channels per peer
x3203c0s1b0n0:12855:12886 [2] NCCL INFO Connected all trees
x3203c0s1b0n0:12855:12886 [2] NCCL INFO NCCL_PROTO set by environment to LL128
x3203c0s1b0n0:12855:12886 [2] NCCL INFO NCCL_ALGO set by environment to Tree
x3203c0s1b0n0:12855:12886 [2] NCCL INFO threadThresholds 8/8/64 | 128/8/64 | 512 | 512
x3203c0s1b0n0:12855:12886 [2] NCCL INFO 4 coll channels, 4 p2p channels, 2 p2p channels per peer
x3203c0s1b0n0:12854:12884 [1] NCCL INFO Connected all trees
x3203c0s1b0n0:12854:12884 [1] NCCL INFO NCCL_PROTO set by environment to LL128
x3203c0s1b0n0:12854:12884 [1] NCCL INFO NCCL_ALGO set by environment to Tree
x3203c0s1b0n0:12854:12884 [1] NCCL INFO threadThresholds 8/8/64 | 128/8/64 | 512 | 512
x3203c0s1b0n0:12854:12884 [1] NCCL INFO 4 coll channels, 4 p2p channels, 2 p2p channels per peer
x3203c0s19b0n0:15126:15155 [1] NCCL INFO Channel 02/0 : 5[46000] -> 8[7000] [send] via NET/IB/1
x3203c0s19b0n0:15126:15155 [1] NCCL INFO Channel 03/0 : 5[46000] -> 8[7000] [send] via NET/IB/0
x3203c0s19b1n0:13702:13731 [2] NCCL INFO Channel 00/0 : 10[85000] -> 9[46000] via P2P/IPC/read
x3203c0s19b0n0:15127:15156 [2] NCCL INFO Channel 02/0 : 6[85000] -> 5[46000] via P2P/IPC/read
x3203c0s19b0n0:15126:15155 [1] NCCL INFO Channel 02/0 : 8[7000] -> 5[46000] [receive] via NET/IB/1
x3203c0s19b0n0:15126:15155 [1] NCCL INFO Channel 03/0 : 8[7000] -> 5[46000] [receive] via NET/IB/0
x3203c0s19b1n0:13702:13731 [2] NCCL INFO Channel 02/0 : 10[85000] -> 9[46000] via P2P/IPC/read
x3203c0s13b1n0:16940:16969 [0] NCCL INFO Channel 02/0 : 0[7000] -> 4[7000] [send] via NET/IB/1
x3203c0s13b1n0:16940:16969 [0] NCCL INFO Channel 03/0 : 0[7000] -> 4[7000] [send] via NET/IB/0
x3203c0s19b0n0:15125:15157 [0] NCCL INFO Channel 02/0 : 0[7000] -> 4[7000] [receive] via NET/IB/1
x3203c0s19b1n0:13700:13733 [0] NCCL INFO Channel 00/0 : 8[7000] -> 12[7000] [send] via NET/IB/1
x3203c0s19b1n0:13700:13733 [0] NCCL INFO Channel 01/0 : 8[7000] -> 12[7000] [send] via NET/IB/0
x3203c0s19b0n0:15125:15157 [0] NCCL INFO Channel 03/0 : 0[7000] -> 4[7000] [receive] via NET/IB/0
x3203c0s1b0n0:12853:12885 [0] NCCL INFO Channel 02/0 : 4[7000] -> 12[7000] [receive] via NET/IB/1
x3203c0s1b0n0:12853:12885 [0] NCCL INFO Channel 03/0 : 4[7000] -> 12[7000] [receive] via NET/IB/0
x3203c0s19b1n0:13700:13733 [0] NCCL INFO Channel 00/0 : 0[7000] -> 8[7000] [receive] via NET/IB/1
x3203c0s19b1n0:13700:13733 [0] NCCL INFO Channel 01/0 : 0[7000] -> 8[7000] [receive] via NET/IB/0
x3203c0s19b1n0:13700:13733 [0] NCCL INFO Channel 00/0 : 8[7000] -> 0[7000] [send] via NET/IB/1
x3203c0s19b1n0:13700:13733 [0] NCCL INFO Channel 01/0 : 8[7000] -> 0[7000] [send] via NET/IB/0
x3203c0s13b1n0:16940:16969 [0] NCCL INFO Channel 00/0 : 8[7000] -> 0[7000] [receive] via NET/IB/1
x3203c0s19b0n0:15125:15157 [0] NCCL INFO Channel 00/0 : 4[7000] -> 9[46000] [send] via NET/IB/1
x3203c0s13b1n0:16940:16969 [0] NCCL INFO Channel 01/0 : 8[7000] -> 0[7000] [receive] via NET/IB/0
x3203c0s1b0n0:12853:12885 [0] NCCL INFO Channel 02/0 : 12[7000] -> 4[7000] [send] via NET/IB/1
x3203c0s1b0n0:12853:12885 [0] NCCL INFO Channel 03/0 : 12[7000] -> 4[7000] [send] via NET/IB/0
x3203c0s19b0n0:15125:15157 [0] NCCL INFO Channel 01/0 : 4[7000] -> 9[46000] [send] via NET/IB/0
x3203c0s13b1n0:16940:16969 [0] NCCL INFO Channel 00/0 : 0[7000] -> 8[7000] [send] via NET/IB/1
x3203c0s13b1n0:16940:16969 [0] NCCL INFO Channel 01/0 : 0[7000] -> 8[7000] [send] via NET/IB/0
x3203c0s19b1n0:13701:13728 [1] NCCL INFO Channel 00/0 : 9[46000] -> 4[7000] [send] via NET/IB/1
x3203c0s19b1n0:13701:13728 [1] NCCL INFO Channel 01/0 : 9[46000] -> 4[7000] [send] via NET/IB/0
x3203c0s19b0n0:15125:15157 [0] NCCL INFO Channel 02/0 : 12[7000] -> 4[7000] [receive] via NET/IB/1
x3203c0s19b0n0:15125:15157 [0] NCCL INFO Channel 03/0 : 12[7000] -> 4[7000] [receive] via NET/IB/0
x3203c0s19b0n0:15125:15157 [0] NCCL INFO Channel 02/0 : 4[7000] -> 12[7000] [send] via NET/IB/1
x3203c0s19b0n0:15125:15157 [0] NCCL INFO Channel 03/0 : 4[7000] -> 12[7000] [send] via NET/IB/0
x3203c0s19b1n0:13700:13733 [0] NCCL INFO Channel 00/0 : 12[7000] -> 8[7000] [receive] via NET/IB/1
x3203c0s13b1n0:16940:16969 [0] NCCL INFO Channel 02/0 : 4[7000] -> 0[7000] [receive] via NET/IB/1
x3203c0s19b1n0:13700:13733 [0] NCCL INFO Channel 01/0 : 12[7000] -> 8[7000] [receive] via NET/IB/0
x3203c0s13b1n0:16940:16969 [0] NCCL INFO Channel 03/0 : 4[7000] -> 0[7000] [receive] via NET/IB/0
x3203c0s19b0n0:15125:15157 [0] NCCL INFO Channel 00/0 : 9[46000] -> 4[7000] [receive] via NET/IB/1
x3203c0s19b0n0:15125:15157 [0] NCCL INFO Channel 01/0 : 9[46000] -> 4[7000] [receive] via NET/IB/0
x3203c0s1b0n0:12853:12885 [0] NCCL INFO Channel 00/0 : 12[7000] -> 8[7000] [send] via NET/IB/1
x3203c0s1b0n0:12853:12885 [0] NCCL INFO Channel 01/0 : 12[7000] -> 8[7000] [send] via NET/IB/0
x3203c0s19b1n0:13701:13728 [1] NCCL INFO Connected all trees
x3203c0s19b1n0:13701:13728 [1] NCCL INFO NCCL_PROTO set by environment to LL128
x3203c0s19b1n0:13701:13728 [1] NCCL INFO NCCL_ALGO set by environment to Tree
x3203c0s19b1n0:13701:13728 [1] NCCL INFO threadThresholds 8/8/64 | 128/8/64 | 512 | 512
x3203c0s19b1n0:13701:13728 [1] NCCL INFO 4 coll channels, 4 p2p channels, 2 p2p channels per peer
x3203c0s19b1n0:13702:13731 [2] NCCL INFO Connected all trees
x3203c0s19b1n0:13702:13731 [2] NCCL INFO NCCL_PROTO set by environment to LL128
x3203c0s19b1n0:13702:13731 [2] NCCL INFO NCCL_ALGO set by environment to Tree
x3203c0s19b1n0:13702:13731 [2] NCCL INFO threadThresholds 8/8/64 | 128/8/64 | 512 | 512
x3203c0s19b1n0:13702:13731 [2] NCCL INFO 4 coll channels, 4 p2p channels, 2 p2p channels per peer
x3203c0s1b0n0:12853:12885 [0] NCCL INFO Connected all trees
x3203c0s1b0n0:12853:12885 [0] NCCL INFO NCCL_PROTO set by environment to LL128
x3203c0s1b0n0:12853:12885 [0] NCCL INFO NCCL_ALGO set by environment to Tree
x3203c0s1b0n0:12853:12885 [0] NCCL INFO threadThresholds 8/8/64 | 128/8/64 | 512 | 512
x3203c0s1b0n0:12853:12885 [0] NCCL INFO 4 coll channels, 4 p2p channels, 2 p2p channels per peer
x3203c0s19b0n0:15125:15157 [0] NCCL INFO Channel 02/0 : 4[7000] -> 0[7000] [send] via NET/IB/1
x3203c0s19b0n0:15125:15157 [0] NCCL INFO Channel 03/0 : 4[7000] -> 0[7000] [send] via NET/IB/0
x3203c0s19b0n0:15125:15157 [0] NCCL INFO Connected all trees
x3203c0s19b0n0:15125:15157 [0] NCCL INFO NCCL_PROTO set by environment to LL128
x3203c0s19b0n0:15125:15157 [0] NCCL INFO NCCL_ALGO set by environment to Tree
x3203c0s19b0n0:15125:15157 [0] NCCL INFO threadThresholds 8/8/64 | 128/8/64 | 512 | 512
x3203c0s19b0n0:15125:15157 [0] NCCL INFO 4 coll channels, 4 p2p channels, 2 p2p channels per peer
x3203c0s13b1n0:16940:16969 [0] NCCL INFO Connected all trees
x3203c0s13b1n0:16940:16969 [0] NCCL INFO NCCL_PROTO set by environment to LL128
x3203c0s13b1n0:16940:16969 [0] NCCL INFO NCCL_ALGO set by environment to Tree
x3203c0s13b1n0:16940:16969 [0] NCCL INFO threadThresholds 8/8/64 | 128/8/64 | 512 | 512
x3203c0s13b1n0:16940:16969 [0] NCCL INFO 4 coll channels, 4 p2p channels, 2 p2p channels per peer
x3203c0s1b0n0:12853:12885 [0] NCCL INFO comm 0x32a4a40 rank 12 nranks 16 cudaDev 0 busId 7000 commId 0x5bae6110df4fcd6c - Init COMPLETE
x3203c0s1b0n0:12854:12884 [1] NCCL INFO comm 0x222a1c0 rank 13 nranks 16 cudaDev 1 busId 46000 commId 0x5bae6110df4fcd6c - Init COMPLETE
x3203c0s1b0n0:12855:12886 [2] NCCL INFO comm 0x29eb420 rank 14 nranks 16 cudaDev 2 busId 85000 commId 0x5bae6110df4fcd6c - Init COMPLETE
x3203c0s1b0n0:12856:12881 [3] NCCL INFO comm 0x29744d0 rank 15 nranks 16 cudaDev 3 busId c7000 commId 0x5bae6110df4fcd6c - Init COMPLETE
x3203c0s19b1n0:13700:13733 [0] NCCL INFO Channel 02/0 : 8[7000] -> 5[46000] [send] via NET/IB/1
x3203c0s19b1n0:13700:13733 [0] NCCL INFO Channel 03/0 : 8[7000] -> 5[46000] [send] via NET/IB/0
x3203c0s19b1n0:13700:13733 [0] NCCL INFO Connected all trees
x3203c0s19b1n0:13700:13733 [0] NCCL INFO NCCL_PROTO set by environment to LL128
x3203c0s19b1n0:13700:13733 [0] NCCL INFO NCCL_ALGO set by environment to Tree
x3203c0s19b1n0:13700:13733 [0] NCCL INFO threadThresholds 8/8/64 | 128/8/64 | 512 | 512
x3203c0s19b1n0:13700:13733 [0] NCCL INFO 4 coll channels, 4 p2p channels, 2 p2p channels per peer
x3203c0s19b0n0:15126:15155 [1] NCCL INFO Connected all trees
x3203c0s19b0n0:15126:15155 [1] NCCL INFO NCCL_PROTO set by environment to LL128
x3203c0s19b0n0:15126:15155 [1] NCCL INFO NCCL_ALGO set by environment to Tree
x3203c0s19b0n0:15126:15155 [1] NCCL INFO threadThresholds 8/8/64 | 128/8/64 | 512 | 512
x3203c0s19b0n0:15126:15155 [1] NCCL INFO 4 coll channels, 4 p2p channels, 2 p2p channels per peer
x3203c0s19b0n0:15127:15156 [2] NCCL INFO Connected all trees
x3203c0s19b0n0:15127:15156 [2] NCCL INFO NCCL_PROTO set by environment to LL128
x3203c0s19b0n0:15127:15156 [2] NCCL INFO NCCL_ALGO set by environment to Tree
x3203c0s19b0n0:15127:15156 [2] NCCL INFO threadThresholds 8/8/64 | 128/8/64 | 512 | 512
x3203c0s19b0n0:15127:15156 [2] NCCL INFO 4 coll channels, 4 p2p channels, 2 p2p channels per peer
x3203c0s13b1n0:16940:16969 [0] NCCL INFO comm 0x294ddb0 rank 0 nranks 16 cudaDev 0 busId 7000 commId 0x5bae6110df4fcd6c - Init COMPLETE
x3203c0s13b1n0:16941:16972 [1] NCCL INFO comm 0x18b5ff0 rank 1 nranks 16 cudaDev 1 busId 46000 commId 0x5bae6110df4fcd6c - Init COMPLETE
x3203c0s13b1n0:16942:16974 [2] NCCL INFO comm 0x2042bf0 rank 2 nranks 16 cudaDev 2 busId 85000 commId 0x5bae6110df4fcd6c - Init COMPLETE
#
#                                                              out-of-place                       in-place          
#       size         count      type   redop    root     time   algbw   busbw #wrong     time   algbw   busbw #wrong
#        (B)    (elements)                               (us)  (GB/s)  (GB/s)            (us)  (GB/s)  (GB/s)       
x3203c0s13b1n0:16943:16973 [3] NCCL INFO comm 0x211ffe0 rank 3 nranks 16 cudaDev 3 busId c7000 commId 0x5bae6110df4fcd6c - Init COMPLETE
x3203c0s19b1n0:13700:13733 [0] NCCL INFO comm 0x2135af0 rank 8 nranks 16 cudaDev 0 busId 7000 commId 0x5bae6110df4fcd6c - Init COMPLETE
x3203c0s19b1n0:13701:13728 [1] NCCL INFO comm 0x250bf30 rank 9 nranks 16 cudaDev 1 busId 46000 commId 0x5bae6110df4fcd6c - Init COMPLETE
x3203c0s19b1n0:13702:13731 [2] NCCL INFO comm 0x32e0130 rank 10 nranks 16 cudaDev 2 busId 85000 commId 0x5bae6110df4fcd6c - Init COMPLETE
x3203c0s19b1n0:13703:13732 [3] NCCL INFO comm 0x30d5fc0 rank 11 nranks 16 cudaDev 3 busId c7000 commId 0x5bae6110df4fcd6c - Init COMPLETE
x3203c0s19b0n0:15125:15157 [0] NCCL INFO comm 0x2ce9350 rank 4 nranks 16 cudaDev 0 busId 7000 commId 0x5bae6110df4fcd6c - Init COMPLETE
x3203c0s19b0n0:15127:15156 [2] NCCL INFO comm 0x3161110 rank 6 nranks 16 cudaDev 2 busId 85000 commId 0x5bae6110df4fcd6c - Init COMPLETE
x3203c0s19b0n0:15126:15155 [1] NCCL INFO comm 0x2222e70 rank 5 nranks 16 cudaDev 1 busId 46000 commId 0x5bae6110df4fcd6c - Init COMPLETE
x3203c0s19b0n0:15128:15152 [3] NCCL INFO comm 0x27fdca0 rank 7 nranks 16 cudaDev 3 busId c7000 commId 0x5bae6110df4fcd6c - Init COMPLETE
           8             2     float     sum      -1    53.02    0.00    0.00      0    53.60    0.00    0.00      0
          16             4     float     sum      -1    52.90    0.00    0.00      0    52.82    0.00    0.00      0
          32             8     float     sum      -1    52.41    0.00    0.00      0    53.29    0.00    0.00      0
          64            16     float     sum      -1    52.59    0.00    0.00      0    53.32    0.00    0.00      0
         128            32     float     sum      -1    52.63    0.00    0.00      0    53.58    0.00    0.00      0
         256            64     float     sum      -1    52.44    0.00    0.01      0    53.51    0.00    0.01      0
         512           128     float     sum      -1    52.59    0.01    0.02      0    53.72    0.01    0.02      0
        1024           256     float     sum      -1    53.56    0.02    0.04      0    53.66    0.02    0.04      0
        2048           512     float     sum      -1    57.83    0.04    0.07      0    57.69    0.04    0.07      0
        4096          1024     float     sum      -1    62.71    0.07    0.12      0    61.91    0.07    0.12      0
        8192          2048     float     sum      -1    70.54    0.12    0.22      0    69.97    0.12    0.22      0
       16384          4096     float     sum      -1    73.69    0.22    0.42      0    73.19    0.22    0.42      0
       32768          8192     float     sum      -1    78.32    0.42    0.78      0    78.38    0.42    0.78      0
       65536         16384     float     sum      -1    98.87    0.66    1.24      0    99.28    0.66    1.24      0
      131072         32768     float     sum      -1    122.1    1.07    2.01   1008    122.7    1.07    2.00      0
      262144         65536     float     sum      -1    161.2    1.63    3.05    192    159.7    1.64    3.08      0
      524288        131072     float     sum      -1    240.9    2.18    4.08    192    237.3    2.21    4.14    192
     1048576        262144     float     sum      -1    422.1    2.48    4.66    576    419.5    2.50    4.69    448
     2097152        524288     float     sum      -1    791.0    2.65    4.97    704    792.2    2.65    4.96     64
     4194304       1048576     float     sum      -1   1261.3    3.33    6.23    736   1264.1    3.32    6.22    320
     8388608       2097152     float     sum      -1   2304.2    3.64    6.83   1344   2311.8    3.63    6.80    768
    16777216       4194304     float     sum      -1   4451.3    3.77    7.07   1536   4444.5    3.77    7.08   2816
    33554432       8388608     float     sum      -1   8698.5    3.86    7.23   5184   8677.2    3.87    7.25   6144
    67108864      16777216     float     sum      -1    17282    3.88    7.28  12080    17285    3.88    7.28   9840
   134217728      33554432     float     sum      -1    34550    3.88    7.28  19392    34612    3.88    7.27  19456
   268435456      67108864     float     sum      -1    69454    3.86    7.25  36800    69402    3.87    7.25  39104
   536870912     134217728     float     sum      -1   138684    3.87    7.26  73488   138682    3.87    7.26  80992
x3203c0s13b1n0:16943:16943 [3] NCCL INFO comm 0x211ffe0 rank 3 nranks 16 cudaDev 3 busId c7000 - Destroy COMPLETE
x3203c0s19b0n0:15128:15128 [3] NCCL INFO comm 0x27fdca0 rank 7 nranks 16 cudaDev 3 busId c7000 - Destroy COMPLETE
x3203c0s19b1n0:13703:13703 [3] NCCL INFO comm 0x30d5fc0 rank 11 nranks 16 cudaDev 3 busId c7000 - Destroy COMPLETE
x3203c0s19b0n0:15127:15127 [2] NCCL INFO comm 0x3161110 rank 6 nranks 16 cudaDev 2 busId 85000 - Destroy COMPLETE
x3203c0s19b1n0:13702:13702 [2] NCCL INFO comm 0x32e0130 rank 10 nranks 16 cudaDev 2 busId 85000 - Destroy COMPLETE
x3203c0s1b0n0:12856:12856 [3] NCCL INFO comm 0x29744d0 rank 15 nranks 16 cudaDev 3 busId c7000 - Destroy COMPLETE
x3203c0s13b1n0:16942:16942 [2] NCCL INFO comm 0x2042bf0 rank 2 nranks 16 cudaDev 2 busId 85000 - Destroy COMPLETE
x3203c0s1b0n0:12855:12855 [2] NCCL INFO comm 0x29eb420 rank 14 nranks 16 cudaDev 2 busId 85000 - Destroy COMPLETE
x3203c0s13b1n0:16941:16941 [1] NCCL INFO comm 0x18b5ff0 rank 1 nranks 16 cudaDev 1 busId 46000 - Destroy COMPLETE
x3203c0s1b0n0:12854:12854 [1] NCCL INFO comm 0x222a1c0 rank 13 nranks 16 cudaDev 1 busId 46000 - Destroy COMPLETE
x3203c0s19b0n0:15126:15126 [1] NCCL INFO comm 0x2222e70 rank 5 nranks 16 cudaDev 1 busId 46000 - Destroy COMPLETE
x3203c0s19b1n0:13701:13701 [1] NCCL INFO comm 0x250bf30 rank 9 nranks 16 cudaDev 1 busId 46000 - Destroy COMPLETE
x3203c0s1b0n0:12853:12853 [0] NCCL INFO comm 0x32a4a40 rank 12 nranks 16 cudaDev 0 busId 7000 - Destroy COMPLETE
x3203c0s13b1n0:16940:16940 [0] NCCL INFO comm 0x294ddb0 rank 0 nranks 16 cudaDev 0 busId 7000 - Destroy COMPLETE
# Out of bounds values : 360 FAILED
# Avg bus bandwidth    : 2.89514 
#
x3203c0s19b0n0:15125:15125 [0] NCCL INFO comm 0x2ce9350 rank 4 nranks 16 cudaDev 0 busId 7000 - Destroy COMPLETE
x3203c0s19b1n0:13700:13700 [0] NCCL INFO comm 0x2135af0 rank 8 nranks 16 cudaDev 0 busId 7000 - Destroy COMPLETE

x3203c0s1b0n0.hsn.cm.polaris.alcf.anl.gov: rank 14 exited with code 1
