x3203c0s19b0n0:15078:15078 [2] NCCL INFO Bootstrap : Using bond0:10.140.56.179<0>
x3203c0s19b1n0:13651:13651 [1] NCCL INFO Bootstrap : Using bond0:10.140.56.180<0>
x3203c0s19b1n0:13651:13651 [1] NCCL INFO NET/Plugin : No plugin found (libnccl-net.so), using internal implementation
x3203c0s19b0n0:15078:15078 [2] NCCL INFO NET/Plugin : No plugin found (libnccl-net.so), using internal implementation
x3203c0s19b1n0:13650:13650 [0] NCCL INFO Bootstrap : Using bond0:10.140.56.180<0>
x3203c0s19b1n0:13650:13650 [0] NCCL INFO NET/Plugin : No plugin found (libnccl-net.so), using internal implementation
x3203c0s19b0n0:15079:15079 [3] NCCL INFO Bootstrap : Using bond0:10.140.56.179<0>
x3203c0s19b0n0:15079:15079 [3] NCCL INFO NET/Plugin : No plugin found (libnccl-net.so), using internal implementation
x3203c0s19b0n0:15076:15076 [0] NCCL INFO Bootstrap : Using bond0:10.140.56.179<0>
x3203c0s19b0n0:15077:15077 [1] NCCL INFO Bootstrap : Using bond0:10.140.56.179<0>
x3203c0s19b0n0:15077:15077 [1] NCCL INFO NET/Plugin : No plugin found (libnccl-net.so), using internal implementation
x3203c0s19b0n0:15076:15076 [0] NCCL INFO NET/Plugin : No plugin found (libnccl-net.so), using internal implementation
x3203c0s1b0n0:12806:12831 [3] NCCL INFO NET/IB : Using [0]mlx5_0:1/RoCE [1]mlx5_1:1/RoCE [RO]; OOB bond0:10.140.56.173<0>
x3203c0s1b0n0:12806:12831 [3] NCCL INFO Using network IB
x3203c0s19b0n0:15078:15103 [2] NCCL INFO NET/IB : Using [0]mlx5_0:1/RoCE [1]mlx5_1:1/RoCE [RO]; OOB bond0:10.140.56.179<0>
x3203c0s19b0n0:15078:15103 [2] NCCL INFO Using network IB
x3203c0s19b0n0:15079:15104 [3] NCCL INFO NET/IB : Using [0]mlx5_0:1/RoCE [1]mlx5_1:1/RoCE [RO]; OOB bond0:10.140.56.179<0>
x3203c0s19b0n0:15079:15104 [3] NCCL INFO Using network IB
x3203c0s19b1n0:13650:13681 [0] NCCL INFO NET/IB : Using [0]mlx5_0:1/RoCE [1]mlx5_1:1/RoCE [RO]; OOB bond0:10.140.56.180<0>
x3203c0s19b1n0:13650:13681 [0] NCCL INFO Using network IB
x3203c0s19b1n0:13652:13679 [2] NCCL INFO NET/IB : Using [0]mlx5_0:1/RoCE [1]mlx5_1:1/RoCE [RO]; OOB bond0:10.140.56.180<0>
x3203c0s19b1n0:13652:13679 [2] NCCL INFO Using network IB
x3203c0s1b0n0:12805:12805 [2] NCCL INFO Bootstrap : Using bond0:10.140.56.173<0>
x3203c0s19b1n0:13651:13680 [1] NCCL INFO NET/IB : Using [0]mlx5_0:1/RoCE [1]mlx5_1:1/RoCE [RO]; OOB bond0:10.140.56.180<0>
x3203c0s19b1n0:13651:13680 [1] NCCL INFO Using network IB
x3203c0s1b0n0:12805:12805 [2] NCCL INFO NET/Plugin : No plugin found (libnccl-net.so), using internal implementation
x3203c0s19b1n0:13653:13678 [3] NCCL INFO NET/IB : Using [0]mlx5_0:1/RoCE [1]mlx5_1:1/RoCE [RO]; OOB bond0:10.140.56.180<0>
x3203c0s19b1n0:13653:13678 [3] NCCL INFO Using network IB
x3203c0s19b0n0:15077:15106 [1] NCCL INFO NET/IB : Using [0]mlx5_0:1/RoCE [1]mlx5_1:1/RoCE [RO]; OOB bond0:10.140.56.179<0>
x3203c0s19b0n0:15077:15106 [1] NCCL INFO Using network IB
x3203c0s19b0n0:15076:15107 [0] NCCL INFO NET/IB : Using [0]mlx5_0:1/RoCE [1]mlx5_1:1/RoCE [RO]; OOB bond0:10.140.56.179<0>
x3203c0s19b0n0:15076:15107 [0] NCCL INFO Using network IB
x3203c0s1b0n0:12805:12834 [2] NCCL INFO NET/IB : Using [0]mlx5_0:1/RoCE [1]mlx5_1:1/RoCE [RO]; OOB bond0:10.140.56.173<0>
x3203c0s1b0n0:12805:12834 [2] NCCL INFO Using network IB
x3203c0s1b0n0:12803:12803 [0] NCCL INFO Bootstrap : Using bond0:10.140.56.173<0>
x3203c0s1b0n0:12804:12804 [1] NCCL INFO Bootstrap : Using bond0:10.140.56.173<0>
x3203c0s1b0n0:12804:12804 [1] NCCL INFO NET/Plugin : No plugin found (libnccl-net.so), using internal implementation
x3203c0s1b0n0:12803:12803 [0] NCCL INFO NET/Plugin : No plugin found (libnccl-net.so), using internal implementation
x3203c0s1b0n0:12804:12837 [1] NCCL INFO NET/IB : Using [0]mlx5_0:1/RoCE [1]mlx5_1:1/RoCE [RO]; OOB bond0:10.140.56.173<0>
x3203c0s1b0n0:12803:12838 [0] NCCL INFO NET/IB : Using [0]mlx5_0:1/RoCE [1]mlx5_1:1/RoCE [RO]; OOB bond0:10.140.56.173<0>
x3203c0s1b0n0:12803:12838 [0] NCCL INFO Using network IB
x3203c0s1b0n0:12804:12837 [1] NCCL INFO Using network IB
x3203c0s13b1n0:16888:16918 [3] NCCL INFO Setting affinity for GPU 3 to 08,00000008
x3203c0s19b0n0:15079:15104 [3] NCCL INFO Setting affinity for GPU 3 to 08,00000008
x3203c0s1b0n0:12806:12831 [3] NCCL INFO Setting affinity for GPU 3 to 08,00000008
x3203c0s19b1n0:13653:13678 [3] NCCL INFO Setting affinity for GPU 3 to 08,00000008
x3203c0s19b1n0:13650:13681 [0] NCCL INFO Trees [0] 9/12/-1->8->0 [1] 9/12/-1->8->0 [2] 9/-1/-1->8->5 [3] 9/-1/-1->8->5
x3203c0s19b1n0:13650:13681 [0] NCCL INFO P2P Chunksize set to 131072
x3203c0s19b1n0:13651:13680 [1] NCCL INFO Trees [0] 10/4/-1->9->8 [1] 10/4/-1->9->8 [2] 10/-1/-1->9->8 [3] 10/-1/-1->9->8
x3203c0s19b1n0:13651:13680 [1] NCCL INFO P2P Chunksize set to 131072
x3203c0s13b1n0:16885:16914 [0] NCCL INFO Channel 00/04 :    0   3   2   5   4   7   6   9   8  11  10  13  12  15  14   1
x3203c0s13b1n0:16885:16914 [0] NCCL INFO Channel 01/04 :    0   7   6   5   4  11  10   9   8  15  14  13  12   3   2   1
x3203c0s19b0n0:15078:15103 [2] NCCL INFO Trees [0] 7/-1/-1->6->5 [1] 7/-1/-1->6->5 [2] 7/-1/-1->6->5 [3] 7/-1/-1->6->5
x3203c0s19b0n0:15078:15103 [2] NCCL INFO P2P Chunksize set to 131072
x3203c0s19b1n0:13652:13679 [2] NCCL INFO Trees [0] 11/-1/-1->10->9 [1] 11/-1/-1->10->9 [2] 11/-1/-1->10->9 [3] 11/-1/-1->10->9
x3203c0s19b1n0:13652:13679 [2] NCCL INFO P2P Chunksize set to 131072
x3203c0s13b1n0:16886:16917 [1] NCCL INFO Trees [0] 2/-1/-1->1->0 [1] 2/-1/-1->1->0 [2] 2/-1/-1->1->0 [3] 2/-1/-1->1->0
x3203c0s13b1n0:16886:16917 [1] NCCL INFO P2P Chunksize set to 131072
x3203c0s19b0n0:15079:15104 [3] NCCL INFO Trees [0] -1/-1/-1->7->6 [1] -1/-1/-1->7->6 [2] -1/-1/-1->7->6 [3] -1/-1/-1->7->6
x3203c0s19b0n0:15079:15104 [3] NCCL INFO P2P Chunksize set to 131072
x3203c0s19b1n0:13653:13678 [3] NCCL INFO Trees [0] -1/-1/-1->11->10 [1] -1/-1/-1->11->10 [2] -1/-1/-1->11->10 [3] -1/-1/-1->11->10
x3203c0s19b1n0:13653:13678 [3] NCCL INFO P2P Chunksize set to 131072
x3203c0s1b0n0:12805:12834 [2] NCCL INFO Trees [0] 15/-1/-1->14->13 [1] 15/-1/-1->14->13 [2] 15/-1/-1->14->13 [3] 15/-1/-1->14->13
x3203c0s1b0n0:12805:12834 [2] NCCL INFO P2P Chunksize set to 131072
x3203c0s13b1n0:16887:16919 [2] NCCL INFO Trees [0] 3/-1/-1->2->1 [1] 3/-1/-1->2->1 [2] 3/-1/-1->2->1 [3] 3/-1/-1->2->1
x3203c0s13b1n0:16887:16919 [2] NCCL INFO P2P Chunksize set to 131072
x3203c0s19b0n0:15076:15107 [0] NCCL INFO Trees [0] 5/-1/-1->4->9 [1] 5/-1/-1->4->9 [2] 5/0/-1->4->12 [3] 5/0/-1->4->12
x3203c0s19b0n0:15076:15107 [0] NCCL INFO P2P Chunksize set to 131072
x3203c0s19b1n0:13650:13681 [0] NCCL INFO Channel 00/0 : 8[7000] -> 11[c7000] via P2P/IPC/read
x3203c0s1b0n0:12806:12831 [3] NCCL INFO Trees [0] -1/-1/-1->15->14 [1] -1/-1/-1->15->14 [2] -1/-1/-1->15->14 [3] -1/-1/-1->15->14
x3203c0s1b0n0:12806:12831 [3] NCCL INFO P2P Chunksize set to 131072
x3203c0s13b1n0:16888:16918 [3] NCCL INFO Trees [0] -1/-1/-1->3->2 [1] -1/-1/-1->3->2 [2] -1/-1/-1->3->2 [3] -1/-1/-1->3->2
x3203c0s13b1n0:16888:16918 [3] NCCL INFO P2P Chunksize set to 131072
x3203c0s19b0n0:15077:15106 [1] NCCL INFO Trees [0] 6/-1/-1->5->4 [1] 6/-1/-1->5->4 [2] 6/8/-1->5->4 [3] 6/8/-1->5->4
x3203c0s19b0n0:15077:15106 [1] NCCL INFO P2P Chunksize set to 131072
x3203c0s1b0n0:12803:12838 [0] NCCL INFO Trees [0] 13/-1/-1->12->8 [1] 13/-1/-1->12->8 [2] 13/4/-1->12->-1 [3] 13/4/-1->12->-1
x3203c0s1b0n0:12803:12838 [0] NCCL INFO P2P Chunksize set to 131072
x3203c0s13b1n0:16885:16914 [0] NCCL INFO Channel 02/04 :    0   3   2   5   4   7   6   9   8  11  10  13  12  15  14   1
x3203c0s13b1n0:16885:16914 [0] NCCL INFO Channel 03/04 :    0   7   6   5   4  11  10   9   8  15  14  13  12   3   2   1
x3203c0s13b1n0:16885:16914 [0] NCCL INFO Trees [0] 1/8/-1->0->-1 [1] 1/8/-1->0->-1 [2] 1/-1/-1->0->4 [3] 1/-1/-1->0->4
x3203c0s13b1n0:16885:16914 [0] NCCL INFO P2P Chunksize set to 131072
x3203c0s19b0n0:15076:15107 [0] NCCL INFO Channel 00/0 : 4[7000] -> 7[c7000] via P2P/IPC/read
x3203c0s1b0n0:12804:12837 [1] NCCL INFO Trees [0] 14/-1/-1->13->12 [1] 14/-1/-1->13->12 [2] 14/-1/-1->13->12 [3] 14/-1/-1->13->12
x3203c0s1b0n0:12804:12837 [1] NCCL INFO P2P Chunksize set to 131072
x3203c0s13b1n0:16885:16914 [0] NCCL INFO Channel 00/0 : 0[7000] -> 3[c7000] via P2P/IPC/read
x3203c0s1b0n0:12803:12838 [0] NCCL INFO Channel 00/0 : 12[7000] -> 15[c7000] via P2P/IPC/read
x3203c0s1b0n0:12803:12838 [0] NCCL INFO Channel 02/0 : 12[7000] -> 15[c7000] via P2P/IPC/read
x3203c0s19b0n0:15078:15103 [2] NCCL INFO Channel 00/0 : 6[85000] -> 9[46000] [send] via NET/IB/1
x3203c0s1b0n0:12805:12834 [2] NCCL INFO Channel 00/0 : 14[85000] -> 1[46000] [send] via NET/IB/1
x3203c0s1b0n0:12805:12834 [2] NCCL INFO Channel 02/0 : 14[85000] -> 1[46000] [send] via NET/IB/1
x3203c0s19b0n0:15078:15103 [2] NCCL INFO Channel 02/0 : 6[85000] -> 9[46000] [send] via NET/IB/1
x3203c0s13b1n0:16887:16919 [2] NCCL INFO Channel 00/0 : 2[85000] -> 5[46000] [send] via NET/IB/1
x3203c0s1b0n0:12804:12837 [1] NCCL INFO Channel 00/0 : 10[85000] -> 13[46000] [receive] via NET/IB/1
x3203c0s1b0n0:12806:12831 [3] NCCL INFO Channel 01/0 : 8[7000] -> 15[c7000] [receive] via NET/IB/0
x3203c0s1b0n0:12806:12831 [3] NCCL INFO Channel 03/0 : 8[7000] -> 15[c7000] [receive] via NET/IB/0
x3203c0s19b1n0:13650:13681 [0] NCCL INFO Channel 02/0 : 8[7000] -> 11[c7000] via P2P/IPC/read
x3203c0s13b1n0:16887:16919 [2] NCCL INFO Channel 02/0 : 2[85000] -> 5[46000] [send] via NET/IB/1
x3203c0s19b0n0:15076:15107 [0] NCCL INFO Channel 02/0 : 4[7000] -> 7[c7000] via P2P/IPC/read
x3203c0s13b1n0:16885:16914 [0] NCCL INFO Channel 02/0 : 0[7000] -> 3[c7000] via P2P/IPC/read
x3203c0s13b1n0:16886:16917 [1] NCCL INFO Channel 00/0 : 14[85000] -> 1[46000] [receive] via NET/IB/1
x3203c0s13b1n0:16886:16917 [1] NCCL INFO Channel 02/0 : 14[85000] -> 1[46000] [receive] via NET/IB/1
x3203c0s19b1n0:13652:13679 [2] NCCL INFO Channel 00/0 : 10[85000] -> 13[46000] [send] via NET/IB/1
x3203c0s13b1n0:16888:16918 [3] NCCL INFO Channel 01/0 : 12[7000] -> 3[c7000] [receive] via NET/IB/0
x3203c0s13b1n0:16888:16918 [3] NCCL INFO Channel 03/0 : 12[7000] -> 3[c7000] [receive] via NET/IB/0
x3203c0s1b0n0:12803:12838 [0] NCCL INFO Channel 01/0 : 12[7000] -> 3[c7000] [send] via NET/IB/0
x3203c0s19b0n0:15077:15106 [1] NCCL INFO Channel 00/0 : 2[85000] -> 5[46000] [receive] via NET/IB/1
x3203c0s13b1n0:16886:16917 [1] NCCL INFO Channel 00/0 : 1[46000] -> 0[7000] via P2P/IPC/read
x3203c0s13b1n0:16886:16917 [1] NCCL INFO Channel 01/0 : 1[46000] -> 0[7000] via P2P/IPC/read
x3203c0s19b1n0:13651:13680 [1] NCCL INFO Channel 00/0 : 6[85000] -> 9[46000] [receive] via NET/IB/1
x3203c0s19b1n0:13651:13680 [1] NCCL INFO Channel 02/0 : 6[85000] -> 9[46000] [receive] via NET/IB/1
x3203c0s13b1n0:16886:16917 [1] NCCL INFO Channel 02/0 : 1[46000] -> 0[7000] via P2P/IPC/read
x3203c0s13b1n0:16886:16917 [1] NCCL INFO Channel 03/0 : 1[46000] -> 0[7000] via P2P/IPC/read
x3203c0s13b1n0:16885:16914 [0] NCCL INFO Channel 01/0 : 0[7000] -> 7[c7000] [send] via NET/IB/0
x3203c0s1b0n0:12804:12837 [1] NCCL INFO Channel 02/0 : 10[85000] -> 13[46000] [receive] via NET/IB/1
x3203c0s19b1n0:13652:13679 [2] NCCL INFO Channel 02/0 : 10[85000] -> 13[46000] [send] via NET/IB/1
x3203c0s19b1n0:13651:13680 [1] NCCL INFO Channel 00/0 : 9[46000] -> 8[7000] via P2P/IPC/read
x3203c0s19b1n0:13651:13680 [1] NCCL INFO Channel 01/0 : 9[46000] -> 8[7000] via P2P/IPC/read
x3203c0s19b1n0:13651:13680 [1] NCCL INFO Channel 02/0 : 9[46000] -> 8[7000] via P2P/IPC/read
x3203c0s19b0n0:15078:15103 [2] NCCL INFO Channel 01/0 : 6[85000] -> 5[46000] via P2P/IPC/read
x3203c0s13b1n0:16885:16914 [0] NCCL INFO Channel 03/0 : 0[7000] -> 7[c7000] [send] via NET/IB/0
x3203c0s19b0n0:15078:15103 [2] NCCL INFO Channel 03/0 : 6[85000] -> 5[46000] via P2P/IPC/read
x3203c0s19b0n0:15077:15106 [1] NCCL INFO Channel 02/0 : 2[85000] -> 5[46000] [receive] via NET/IB/1
x3203c0s19b0n0:15079:15104 [3] NCCL INFO Channel 01/0 : 0[7000] -> 7[c7000] [receive] via NET/IB/0
x3203c0s19b0n0:15079:15104 [3] NCCL INFO Channel 03/0 : 0[7000] -> 7[c7000] [receive] via NET/IB/0
x3203c0s1b0n0:12804:12837 [1] NCCL INFO Channel 00/0 : 13[46000] -> 12[7000] via P2P/IPC/read
x3203c0s1b0n0:12804:12837 [1] NCCL INFO Channel 01/0 : 13[46000] -> 12[7000] via P2P/IPC/read
x3203c0s1b0n0:12805:12834 [2] NCCL INFO Channel 01/0 : 14[85000] -> 13[46000] via P2P/IPC/read
x3203c0s19b0n0:15076:15107 [0] NCCL INFO Channel 01/0 : 4[7000] -> 11[c7000] [send] via NET/IB/0
x3203c0s19b1n0:13651:13680 [1] NCCL INFO Channel 03/0 : 9[46000] -> 8[7000] via P2P/IPC/read
x3203c0s19b1n0:13652:13679 [2] NCCL INFO Channel 01/0 : 10[85000] -> 9[46000] via P2P/IPC/read
x3203c0s19b1n0:13652:13679 [2] NCCL INFO Channel 03/0 : 10[85000] -> 9[46000] via P2P/IPC/read
x3203c0s13b1n0:16887:16919 [2] NCCL INFO Channel 01/0 : 2[85000] -> 1[46000] via P2P/IPC/read
x3203c0s1b0n0:12804:12837 [1] NCCL INFO Channel 02/0 : 13[46000] -> 12[7000] via P2P/IPC/read
x3203c0s19b0n0:15077:15106 [1] NCCL INFO Channel 00/0 : 5[46000] -> 4[7000] via P2P/IPC/read
x3203c0s19b0n0:15077:15106 [1] NCCL INFO Channel 01/0 : 5[46000] -> 4[7000] via P2P/IPC/read
x3203c0s19b0n0:15077:15106 [1] NCCL INFO Channel 02/0 : 5[46000] -> 4[7000] via P2P/IPC/read
x3203c0s19b0n0:15077:15106 [1] NCCL INFO Channel 03/0 : 5[46000] -> 4[7000] via P2P/IPC/read
x3203c0s13b1n0:16887:16919 [2] NCCL INFO Channel 03/0 : 2[85000] -> 1[46000] via P2P/IPC/read
x3203c0s1b0n0:12805:12834 [2] NCCL INFO Channel 03/0 : 14[85000] -> 13[46000] via P2P/IPC/read
x3203c0s1b0n0:12804:12837 [1] NCCL INFO Channel 03/0 : 13[46000] -> 12[7000] via P2P/IPC/read
x3203c0s19b1n0:13653:13678 [3] NCCL INFO Channel 01/0 : 4[7000] -> 11[c7000] [receive] via NET/IB/0
x3203c0s19b1n0:13650:13681 [0] NCCL INFO Channel 01/0 : 8[7000] -> 15[c7000] [send] via NET/IB/0
x3203c0s1b0n0:12803:12838 [0] NCCL INFO Channel 03/0 : 12[7000] -> 3[c7000] [send] via NET/IB/0
x3203c0s19b0n0:15079:15104 [3] NCCL INFO Channel 00/0 : 7[c7000] -> 6[85000] via P2P/IPC/read
x3203c0s19b0n0:15079:15104 [3] NCCL INFO Channel 01/0 : 7[c7000] -> 6[85000] via P2P/IPC/read
x3203c0s19b0n0:15079:15104 [3] NCCL INFO Channel 02/0 : 7[c7000] -> 6[85000] via P2P/IPC/read
x3203c0s19b0n0:15079:15104 [3] NCCL INFO Channel 03/0 : 7[c7000] -> 6[85000] via P2P/IPC/read
x3203c0s19b0n0:15079:15104 [3] NCCL INFO Connected all rings
x3203c0s13b1n0:16885:16914 [0] NCCL INFO Connected all rings
x3203c0s13b1n0:16885:16914 [0] NCCL INFO Channel 00/0 : 0[7000] -> 1[46000] via P2P/IPC/read
x3203c0s13b1n0:16888:16918 [3] NCCL INFO Channel 00/0 : 3[c7000] -> 2[85000] via P2P/IPC/read
x3203c0s1b0n0:12803:12838 [0] NCCL INFO Connected all rings
x3203c0s1b0n0:12803:12838 [0] NCCL INFO Channel 00/0 : 12[7000] -> 13[46000] via P2P/IPC/read
x3203c0s19b0n0:15078:15103 [2] NCCL INFO Connected all rings
x3203c0s13b1n0:16886:16917 [1] NCCL INFO Connected all rings
x3203c0s1b0n0:12803:12838 [0] NCCL INFO Channel 01/0 : 12[7000] -> 13[46000] via P2P/IPC/read
x3203c0s13b1n0:16886:16917 [1] NCCL INFO Channel 00/0 : 1[46000] -> 2[85000] via P2P/IPC/read
x3203c0s13b1n0:16886:16917 [1] NCCL INFO Channel 01/0 : 1[46000] -> 2[85000] via P2P/IPC/read
x3203c0s13b1n0:16886:16917 [1] NCCL INFO Channel 02/0 : 1[46000] -> 2[85000] via P2P/IPC/read
x3203c0s13b1n0:16886:16917 [1] NCCL INFO Channel 03/0 : 1[46000] -> 2[85000] via P2P/IPC/read
x3203c0s13b1n0:16888:16918 [3] NCCL INFO Channel 01/0 : 3[c7000] -> 2[85000] via P2P/IPC/read
x3203c0s1b0n0:12804:12837 [1] NCCL INFO Connected all rings
x3203c0s1b0n0:12804:12837 [1] NCCL INFO Channel 00/0 : 13[46000] -> 14[85000] via P2P/IPC/read
x3203c0s13b1n0:16885:16914 [0] NCCL INFO Channel 01/0 : 0[7000] -> 1[46000] via P2P/IPC/read
x3203c0s1b0n0:12803:12838 [0] NCCL INFO Channel 02/0 : 12[7000] -> 13[46000] via P2P/IPC/read
x3203c0s13b1n0:16888:16918 [3] NCCL INFO Channel 02/0 : 3[c7000] -> 2[85000] via P2P/IPC/read
x3203c0s19b0n0:15078:15103 [2] NCCL INFO Channel 00/0 : 6[85000] -> 7[c7000] via P2P/IPC/read
x3203c0s1b0n0:12804:12837 [1] NCCL INFO Channel 01/0 : 13[46000] -> 14[85000] via P2P/IPC/read
x3203c0s19b0n0:15076:15107 [0] NCCL INFO Channel 03/0 : 4[7000] -> 11[c7000] [send] via NET/IB/0
x3203c0s13b1n0:16885:16914 [0] NCCL INFO Channel 02/0 : 0[7000] -> 1[46000] via P2P/IPC/read
x3203c0s1b0n0:12803:12838 [0] NCCL INFO Channel 03/0 : 12[7000] -> 13[46000] via P2P/IPC/read
x3203c0s13b1n0:16888:16918 [3] NCCL INFO Channel 03/0 : 3[c7000] -> 2[85000] via P2P/IPC/read
x3203c0s19b0n0:15078:15103 [2] NCCL INFO Channel 01/0 : 6[85000] -> 7[c7000] via P2P/IPC/read
x3203c0s19b1n0:13650:13681 [0] NCCL INFO Channel 03/0 : 8[7000] -> 15[c7000] [send] via NET/IB/0
x3203c0s19b1n0:13653:13678 [3] NCCL INFO Channel 03/0 : 4[7000] -> 11[c7000] [receive] via NET/IB/0
x3203c0s1b0n0:12804:12837 [1] NCCL INFO Channel 02/0 : 13[46000] -> 14[85000] via P2P/IPC/read
x3203c0s19b1n0:13653:13678 [3] NCCL INFO Channel 00/0 : 11[c7000] -> 10[85000] via P2P/IPC/read
x3203c0s19b0n0:15076:15107 [0] NCCL INFO Connected all rings
x3203c0s19b0n0:15076:15107 [0] NCCL INFO Channel 00/0 : 4[7000] -> 5[46000] via P2P/IPC/read
x3203c0s19b1n0:13653:13678 [3] NCCL INFO Channel 01/0 : 11[c7000] -> 10[85000] via P2P/IPC/read
x3203c0s19b0n0:15077:15106 [1] NCCL INFO Connected all rings
x3203c0s1b0n0:12804:12837 [1] NCCL INFO Channel 03/0 : 13[46000] -> 14[85000] via P2P/IPC/read
x3203c0s19b0n0:15077:15106 [1] NCCL INFO Channel 00/0 : 5[46000] -> 6[85000] via P2P/IPC/read
x3203c0s19b0n0:15077:15106 [1] NCCL INFO Channel 01/0 : 5[46000] -> 6[85000] via P2P/IPC/read
x3203c0s19b0n0:15077:15106 [1] NCCL INFO Channel 02/0 : 5[46000] -> 6[85000] via P2P/IPC/read
x3203c0s19b0n0:15077:15106 [1] NCCL INFO Channel 03/0 : 5[46000] -> 6[85000] via P2P/IPC/read
x3203c0s13b1n0:16885:16914 [0] NCCL INFO Channel 03/0 : 0[7000] -> 1[46000] via P2P/IPC/read
x3203c0s19b0n0:15076:15107 [0] NCCL INFO Channel 01/0 : 4[7000] -> 5[46000] via P2P/IPC/read
x3203c0s19b0n0:15078:15103 [2] NCCL INFO Channel 02/0 : 6[85000] -> 7[c7000] via P2P/IPC/read
x3203c0s19b0n0:15078:15103 [2] NCCL INFO Channel 03/0 : 6[85000] -> 7[c7000] via P2P/IPC/read
x3203c0s19b1n0:13653:13678 [3] NCCL INFO Channel 02/0 : 11[c7000] -> 10[85000] via P2P/IPC/read
x3203c0s13b1n0:16888:16918 [3] NCCL INFO Connected all rings
x3203c0s13b1n0:16887:16919 [2] NCCL INFO Connected all rings
x3203c0s1b0n0:12806:12831 [3] NCCL INFO Channel 00/0 : 15[c7000] -> 14[85000] via P2P/IPC/read
x3203c0s1b0n0:12806:12831 [3] NCCL INFO Channel 01/0 : 15[c7000] -> 14[85000] via P2P/IPC/read
x3203c0s1b0n0:12806:12831 [3] NCCL INFO Channel 02/0 : 15[c7000] -> 14[85000] via P2P/IPC/read
x3203c0s19b0n0:15076:15107 [0] NCCL INFO Channel 02/0 : 4[7000] -> 5[46000] via P2P/IPC/read
x3203c0s19b1n0:13653:13678 [3] NCCL INFO Channel 03/0 : 11[c7000] -> 10[85000] via P2P/IPC/read
x3203c0s19b0n0:15079:15104 [3] NCCL INFO Connected all trees
x3203c0s19b0n0:15079:15104 [3] NCCL INFO NCCL_PROTO set by environment to Simple
x3203c0s19b0n0:15079:15104 [3] NCCL INFO NCCL_ALGO set by environment to Tree
x3203c0s19b0n0:15079:15104 [3] NCCL INFO threadThresholds 8/8/64 | 128/8/64 | 512 | 512
x3203c0s19b0n0:15079:15104 [3] NCCL INFO 4 coll channels, 4 p2p channels, 2 p2p channels per peer
x3203c0s19b0n0:15078:15103 [2] NCCL INFO Channel 00/0 : 6[85000] -> 5[46000] via P2P/IPC/read
x3203c0s19b0n0:15078:15103 [2] NCCL INFO Channel 02/0 : 6[85000] -> 5[46000] via P2P/IPC/read
x3203c0s13b1n0:16887:16919 [2] NCCL INFO Channel 00/0 : 2[85000] -> 3[c7000] via P2P/IPC/read
x3203c0s13b1n0:16887:16919 [2] NCCL INFO Channel 01/0 : 2[85000] -> 3[c7000] via P2P/IPC/read
x3203c0s13b1n0:16887:16919 [2] NCCL INFO Channel 02/0 : 2[85000] -> 3[c7000] via P2P/IPC/read
x3203c0s13b1n0:16887:16919 [2] NCCL INFO Channel 03/0 : 2[85000] -> 3[c7000] via P2P/IPC/read
x3203c0s1b0n0:12803:12838 [0] NCCL INFO Channel 00/0 : 8[7000] -> 12[7000] [receive] via NET/IB/1
x3203c0s13b1n0:16888:16918 [3] NCCL INFO Connected all trees
x3203c0s13b1n0:16888:16918 [3] NCCL INFO NCCL_PROTO set by environment to Simple
x3203c0s13b1n0:16888:16918 [3] NCCL INFO NCCL_ALGO set by environment to Tree
x3203c0s13b1n0:16888:16918 [3] NCCL INFO threadThresholds 8/8/64 | 128/8/64 | 512 | 512
x3203c0s13b1n0:16888:16918 [3] NCCL INFO 4 coll channels, 4 p2p channels, 2 p2p channels per peer
x3203c0s13b1n0:16887:16919 [2] NCCL INFO Channel 00/0 : 2[85000] -> 1[46000] via P2P/IPC/read
x3203c0s13b1n0:16887:16919 [2] NCCL INFO Channel 02/0 : 2[85000] -> 1[46000] via P2P/IPC/read
x3203c0s13b1n0:16887:16919 [2] NCCL INFO Connected all trees
x3203c0s13b1n0:16887:16919 [2] NCCL INFO NCCL_PROTO set by environment to Simple
x3203c0s13b1n0:16887:16919 [2] NCCL INFO NCCL_ALGO set by environment to Tree
x3203c0s13b1n0:16887:16919 [2] NCCL INFO threadThresholds 8/8/64 | 128/8/64 | 512 | 512
x3203c0s13b1n0:16887:16919 [2] NCCL INFO 4 coll channels, 4 p2p channels, 2 p2p channels per peer
x3203c0s13b1n0:16886:16917 [1] NCCL INFO Connected all trees
x3203c0s13b1n0:16886:16917 [1] NCCL INFO NCCL_PROTO set by environment to Simple
x3203c0s13b1n0:16886:16917 [1] NCCL INFO NCCL_ALGO set by environment to Tree
x3203c0s13b1n0:16886:16917 [1] NCCL INFO threadThresholds 8/8/64 | 128/8/64 | 512 | 512
x3203c0s13b1n0:16886:16917 [1] NCCL INFO 4 coll channels, 4 p2p channels, 2 p2p channels per peer
x3203c0s1b0n0:12806:12831 [3] NCCL INFO Channel 03/0 : 15[c7000] -> 14[85000] via P2P/IPC/read
x3203c0s19b1n0:13653:13678 [3] NCCL INFO Connected all rings
x3203c0s19b0n0:15076:15107 [0] NCCL INFO Channel 03/0 : 4[7000] -> 5[46000] via P2P/IPC/read
x3203c0s1b0n0:12803:12838 [0] NCCL INFO Channel 01/0 : 8[7000] -> 12[7000] [receive] via NET/IB/0
x3203c0s13b1n0:16885:16914 [0] NCCL INFO Channel 02/0 : 0[7000] -> 4[7000] [send] via NET/IB/1
x3203c0s1b0n0:12806:12831 [3] NCCL INFO Connected all rings
x3203c0s1b0n0:12805:12834 [2] NCCL INFO Connected all rings
x3203c0s19b0n0:15077:15106 [1] NCCL INFO Channel 02/0 : 5[46000] -> 8[7000] [send] via NET/IB/1
x3203c0s19b0n0:15077:15106 [1] NCCL INFO Channel 03/0 : 5[46000] -> 8[7000] [send] via NET/IB/0
x3203c0s19b1n0:13650:13681 [0] NCCL INFO Connected all rings
x3203c0s19b1n0:13650:13681 [0] NCCL INFO Channel 00/0 : 8[7000] -> 9[46000] via P2P/IPC/read
x3203c0s19b1n0:13651:13680 [1] NCCL INFO Connected all rings
x3203c0s19b1n0:13652:13679 [2] NCCL INFO Connected all rings
x3203c0s13b1n0:16885:16914 [0] NCCL INFO Channel 03/0 : 0[7000] -> 4[7000] [send] via NET/IB/0
x3203c0s1b0n0:12805:12834 [2] NCCL INFO Channel 00/0 : 14[85000] -> 15[c7000] via P2P/IPC/read
x3203c0s1b0n0:12805:12834 [2] NCCL INFO Channel 01/0 : 14[85000] -> 15[c7000] via P2P/IPC/read
x3203c0s1b0n0:12805:12834 [2] NCCL INFO Channel 02/0 : 14[85000] -> 15[c7000] via P2P/IPC/read
x3203c0s1b0n0:12805:12834 [2] NCCL INFO Channel 03/0 : 14[85000] -> 15[c7000] via P2P/IPC/read
x3203c0s19b1n0:13651:13680 [1] NCCL INFO Channel 00/0 : 9[46000] -> 10[85000] via P2P/IPC/read
x3203c0s19b1n0:13651:13680 [1] NCCL INFO Channel 01/0 : 9[46000] -> 10[85000] via P2P/IPC/read
x3203c0s19b1n0:13651:13680 [1] NCCL INFO Channel 02/0 : 9[46000] -> 10[85000] via P2P/IPC/read
x3203c0s19b1n0:13651:13680 [1] NCCL INFO Channel 03/0 : 9[46000] -> 10[85000] via P2P/IPC/read
x3203c0s1b0n0:12806:12831 [3] NCCL INFO Connected all trees
x3203c0s1b0n0:12806:12831 [3] NCCL INFO NCCL_PROTO set by environment to Simple
x3203c0s1b0n0:12806:12831 [3] NCCL INFO NCCL_ALGO set by environment to Tree
x3203c0s1b0n0:12806:12831 [3] NCCL INFO threadThresholds 8/8/64 | 128/8/64 | 512 | 512
x3203c0s1b0n0:12806:12831 [3] NCCL INFO 4 coll channels, 4 p2p channels, 2 p2p channels per peer
x3203c0s19b1n0:13650:13681 [0] NCCL INFO Channel 01/0 : 8[7000] -> 9[46000] via P2P/IPC/read
x3203c0s19b1n0:13652:13679 [2] NCCL INFO Channel 00/0 : 10[85000] -> 11[c7000] via P2P/IPC/read
x3203c0s19b0n0:15076:15107 [0] NCCL INFO Channel 02/0 : 0[7000] -> 4[7000] [receive] via NET/IB/1
x3203c0s1b0n0:12805:12834 [2] NCCL INFO Channel 00/0 : 14[85000] -> 13[46000] via P2P/IPC/read
x3203c0s1b0n0:12805:12834 [2] NCCL INFO Channel 02/0 : 14[85000] -> 13[46000] via P2P/IPC/read
x3203c0s19b1n0:13650:13681 [0] NCCL INFO Channel 02/0 : 8[7000] -> 9[46000] via P2P/IPC/read
x3203c0s19b1n0:13652:13679 [2] NCCL INFO Channel 01/0 : 10[85000] -> 11[c7000] via P2P/IPC/read
x3203c0s19b1n0:13652:13679 [2] NCCL INFO Channel 02/0 : 10[85000] -> 11[c7000] via P2P/IPC/read
x3203c0s19b1n0:13652:13679 [2] NCCL INFO Channel 03/0 : 10[85000] -> 11[c7000] via P2P/IPC/read
x3203c0s19b0n0:15076:15107 [0] NCCL INFO Channel 03/0 : 0[7000] -> 4[7000] [receive] via NET/IB/0
x3203c0s19b1n0:13650:13681 [0] NCCL INFO Channel 03/0 : 8[7000] -> 9[46000] via P2P/IPC/read
x3203c0s19b1n0:13653:13678 [3] NCCL INFO Connected all trees
x3203c0s19b1n0:13653:13678 [3] NCCL INFO NCCL_PROTO set by environment to Simple
x3203c0s19b1n0:13653:13678 [3] NCCL INFO NCCL_ALGO set by environment to Tree
x3203c0s19b1n0:13653:13678 [3] NCCL INFO threadThresholds 8/8/64 | 128/8/64 | 512 | 512
x3203c0s19b1n0:13653:13678 [3] NCCL INFO 4 coll channels, 4 p2p channels, 2 p2p channels per peer
x3203c0s19b1n0:13652:13679 [2] NCCL INFO Channel 00/0 : 10[85000] -> 9[46000] via P2P/IPC/read
x3203c0s1b0n0:12805:12834 [2] NCCL INFO Connected all trees
x3203c0s1b0n0:12805:12834 [2] NCCL INFO NCCL_PROTO set by environment to Simple
x3203c0s1b0n0:12804:12837 [1] NCCL INFO Connected all trees
x3203c0s1b0n0:12804:12837 [1] NCCL INFO NCCL_PROTO set by environment to Simple
x3203c0s1b0n0:12804:12837 [1] NCCL INFO NCCL_ALGO set by environment to Tree
x3203c0s1b0n0:12804:12837 [1] NCCL INFO threadThresholds 8/8/64 | 128/8/64 | 512 | 512
x3203c0s1b0n0:12805:12834 [2] NCCL INFO NCCL_ALGO set by environment to Tree
x3203c0s1b0n0:12805:12834 [2] NCCL INFO threadThresholds 8/8/64 | 128/8/64 | 512 | 512
x3203c0s1b0n0:12805:12834 [2] NCCL INFO 4 coll channels, 4 p2p channels, 2 p2p channels per peer
x3203c0s1b0n0:12804:12837 [1] NCCL INFO 4 coll channels, 4 p2p channels, 2 p2p channels per peer
x3203c0s13b1n0:16885:16914 [0] NCCL INFO Channel 00/0 : 8[7000] -> 0[7000] [receive] via NET/IB/1
x3203c0s13b1n0:16885:16914 [0] NCCL INFO Channel 01/0 : 8[7000] -> 0[7000] [receive] via NET/IB/0
x3203c0s13b1n0:16885:16914 [0] NCCL INFO Channel 00/0 : 0[7000] -> 8[7000] [send] via NET/IB/1
x3203c0s13b1n0:16885:16914 [0] NCCL INFO Channel 01/0 : 0[7000] -> 8[7000] [send] via NET/IB/0
x3203c0s19b0n0:15076:15107 [0] NCCL INFO Channel 00/0 : 4[7000] -> 9[46000] [send] via NET/IB/1
x3203c0s19b0n0:15076:15107 [0] NCCL INFO Channel 01/0 : 4[7000] -> 9[46000] [send] via NET/IB/0
x3203c0s19b1n0:13652:13679 [2] NCCL INFO Channel 02/0 : 10[85000] -> 9[46000] via P2P/IPC/read
x3203c0s19b1n0:13651:13680 [1] NCCL INFO Channel 00/0 : 4[7000] -> 9[46000] [receive] via NET/IB/1
x3203c0s19b1n0:13651:13680 [1] NCCL INFO Channel 01/0 : 4[7000] -> 9[46000] [receive] via NET/IB/0
x3203c0s19b1n0:13650:13681 [0] NCCL INFO Channel 02/0 : 5[46000] -> 8[7000] [receive] via NET/IB/1
x3203c0s19b0n0:15076:15107 [0] NCCL INFO Channel 02/0 : 12[7000] -> 4[7000] [receive] via NET/IB/1
x3203c0s19b0n0:15076:15107 [0] NCCL INFO Channel 03/0 : 12[7000] -> 4[7000] [receive] via NET/IB/0
x3203c0s19b0n0:15076:15107 [0] NCCL INFO Channel 02/0 : 4[7000] -> 12[7000] [send] via NET/IB/1
x3203c0s19b0n0:15076:15107 [0] NCCL INFO Channel 03/0 : 4[7000] -> 12[7000] [send] via NET/IB/0
x3203c0s19b1n0:13650:13681 [0] NCCL INFO Channel 03/0 : 5[46000] -> 8[7000] [receive] via NET/IB/0
x3203c0s19b1n0:13651:13680 [1] NCCL INFO Channel 00/0 : 9[46000] -> 4[7000] [send] via NET/IB/1
x3203c0s19b1n0:13651:13680 [1] NCCL INFO Channel 01/0 : 9[46000] -> 4[7000] [send] via NET/IB/0
x3203c0s19b0n0:15077:15106 [1] NCCL INFO Channel 02/0 : 8[7000] -> 5[46000] [receive] via NET/IB/1
x3203c0s19b0n0:15077:15106 [1] NCCL INFO Channel 03/0 : 8[7000] -> 5[46000] [receive] via NET/IB/0
x3203c0s19b1n0:13650:13681 [0] NCCL INFO Channel 00/0 : 8[7000] -> 12[7000] [send] via NET/IB/1
x3203c0s19b1n0:13650:13681 [0] NCCL INFO Channel 01/0 : 8[7000] -> 12[7000] [send] via NET/IB/0
x3203c0s19b1n0:13650:13681 [0] NCCL INFO Channel 00/0 : 0[7000] -> 8[7000] [receive] via NET/IB/1
x3203c0s1b0n0:12803:12838 [0] NCCL INFO Channel 02/0 : 4[7000] -> 12[7000] [receive] via NET/IB/1
x3203c0s19b1n0:13650:13681 [0] NCCL INFO Channel 01/0 : 0[7000] -> 8[7000] [receive] via NET/IB/0
x3203c0s19b1n0:13650:13681 [0] NCCL INFO Channel 00/0 : 8[7000] -> 0[7000] [send] via NET/IB/1
x3203c0s19b1n0:13650:13681 [0] NCCL INFO Channel 01/0 : 8[7000] -> 0[7000] [send] via NET/IB/0
x3203c0s1b0n0:12803:12838 [0] NCCL INFO Channel 03/0 : 4[7000] -> 12[7000] [receive] via NET/IB/0
x3203c0s1b0n0:12803:12838 [0] NCCL INFO Channel 02/0 : 12[7000] -> 4[7000] [send] via NET/IB/1
x3203c0s19b1n0:13650:13681 [0] NCCL INFO Channel 00/0 : 12[7000] -> 8[7000] [receive] via NET/IB/1
x3203c0s1b0n0:12803:12838 [0] NCCL INFO Channel 03/0 : 12[7000] -> 4[7000] [send] via NET/IB/0
x3203c0s19b1n0:13650:13681 [0] NCCL INFO Channel 01/0 : 12[7000] -> 8[7000] [receive] via NET/IB/0
x3203c0s13b1n0:16885:16914 [0] NCCL INFO Channel 02/0 : 4[7000] -> 0[7000] [receive] via NET/IB/1
x3203c0s13b1n0:16885:16914 [0] NCCL INFO Channel 03/0 : 4[7000] -> 0[7000] [receive] via NET/IB/0
x3203c0s19b0n0:15076:15107 [0] NCCL INFO Channel 00/0 : 9[46000] -> 4[7000] [receive] via NET/IB/1
x3203c0s1b0n0:12803:12838 [0] NCCL INFO Channel 00/0 : 12[7000] -> 8[7000] [send] via NET/IB/1
x3203c0s1b0n0:12803:12838 [0] NCCL INFO Channel 01/0 : 12[7000] -> 8[7000] [send] via NET/IB/0
x3203c0s19b0n0:15076:15107 [0] NCCL INFO Channel 01/0 : 9[46000] -> 4[7000] [receive] via NET/IB/0
x3203c0s1b0n0:12803:12838 [0] NCCL INFO Connected all trees
x3203c0s1b0n0:12803:12838 [0] NCCL INFO NCCL_PROTO set by environment to Simple
x3203c0s1b0n0:12803:12838 [0] NCCL INFO NCCL_ALGO set by environment to Tree
x3203c0s1b0n0:12803:12838 [0] NCCL INFO threadThresholds 8/8/64 | 128/8/64 | 512 | 512
x3203c0s1b0n0:12803:12838 [0] NCCL INFO 4 coll channels, 4 p2p channels, 2 p2p channels per peer
x3203c0s19b1n0:13651:13680 [1] NCCL INFO Connected all trees
x3203c0s19b1n0:13651:13680 [1] NCCL INFO NCCL_PROTO set by environment to Simple
x3203c0s19b1n0:13651:13680 [1] NCCL INFO NCCL_ALGO set by environment to Tree
x3203c0s19b1n0:13651:13680 [1] NCCL INFO threadThresholds 8/8/64 | 128/8/64 | 512 | 512
x3203c0s19b1n0:13651:13680 [1] NCCL INFO 4 coll channels, 4 p2p channels, 2 p2p channels per peer
x3203c0s19b1n0:13652:13679 [2] NCCL INFO Connected all trees
x3203c0s19b1n0:13652:13679 [2] NCCL INFO NCCL_PROTO set by environment to Simple
x3203c0s19b1n0:13652:13679 [2] NCCL INFO NCCL_ALGO set by environment to Tree
x3203c0s19b1n0:13652:13679 [2] NCCL INFO threadThresholds 8/8/64 | 128/8/64 | 512 | 512
x3203c0s19b1n0:13652:13679 [2] NCCL INFO 4 coll channels, 4 p2p channels, 2 p2p channels per peer
x3203c0s19b0n0:15076:15107 [0] NCCL INFO Channel 02/0 : 4[7000] -> 0[7000] [send] via NET/IB/1
x3203c0s19b0n0:15076:15107 [0] NCCL INFO Channel 03/0 : 4[7000] -> 0[7000] [send] via NET/IB/0
x3203c0s1b0n0:12803:12838 [0] NCCL INFO comm 0x1f0aa40 rank 12 nranks 16 cudaDev 0 busId 7000 commId 0xf9c6765919a6b4bc - Init COMPLETE
x3203c0s1b0n0:12805:12834 [2] NCCL INFO comm 0x2a9b420 rank 14 nranks 16 cudaDev 2 busId 85000 commId 0xf9c6765919a6b4bc - Init COMPLETE
x3203c0s1b0n0:12804:12837 [1] NCCL INFO comm 0x2e43670 rank 13 nranks 16 cudaDev 1 busId 46000 commId 0xf9c6765919a6b4bc - Init COMPLETE
x3203c0s1b0n0:12806:12831 [3] NCCL INFO comm 0x20223e0 rank 15 nranks 16 cudaDev 3 busId c7000 commId 0xf9c6765919a6b4bc - Init COMPLETE
x3203c0s19b1n0:13650:13681 [0] NCCL INFO Channel 02/0 : 8[7000] -> 5[46000] [send] via NET/IB/1
x3203c0s19b1n0:13650:13681 [0] NCCL INFO Channel 03/0 : 8[7000] -> 5[46000] [send] via NET/IB/0
x3203c0s13b1n0:16885:16914 [0] NCCL INFO Connected all trees
x3203c0s13b1n0:16885:16914 [0] NCCL INFO NCCL_PROTO set by environment to Simple
x3203c0s13b1n0:16885:16914 [0] NCCL INFO NCCL_ALGO set by environment to Tree
x3203c0s13b1n0:16885:16914 [0] NCCL INFO threadThresholds 8/8/64 | 128/8/64 | 512 | 512
x3203c0s13b1n0:16885:16914 [0] NCCL INFO 4 coll channels, 4 p2p channels, 2 p2p channels per peer
x3203c0s19b0n0:15076:15107 [0] NCCL INFO Connected all trees
x3203c0s19b0n0:15076:15107 [0] NCCL INFO NCCL_PROTO set by environment to Simple
x3203c0s19b0n0:15076:15107 [0] NCCL INFO NCCL_ALGO set by environment to Tree
x3203c0s19b0n0:15076:15107 [0] NCCL INFO threadThresholds 8/8/64 | 128/8/64 | 512 | 512
x3203c0s19b0n0:15076:15107 [0] NCCL INFO 4 coll channels, 4 p2p channels, 2 p2p channels per peer
x3203c0s19b1n0:13650:13681 [0] NCCL INFO Connected all trees
x3203c0s19b1n0:13650:13681 [0] NCCL INFO NCCL_PROTO set by environment to Simple
x3203c0s19b1n0:13650:13681 [0] NCCL INFO NCCL_ALGO set by environment to Tree
x3203c0s19b1n0:13650:13681 [0] NCCL INFO threadThresholds 8/8/64 | 128/8/64 | 512 | 512
x3203c0s19b1n0:13650:13681 [0] NCCL INFO 4 coll channels, 4 p2p channels, 2 p2p channels per peer
x3203c0s19b0n0:15077:15106 [1] NCCL INFO Connected all trees
x3203c0s19b0n0:15077:15106 [1] NCCL INFO NCCL_PROTO set by environment to Simple
x3203c0s19b0n0:15077:15106 [1] NCCL INFO NCCL_ALGO set by environment to Tree
x3203c0s19b0n0:15077:15106 [1] NCCL INFO threadThresholds 8/8/64 | 128/8/64 | 512 | 512
x3203c0s19b0n0:15077:15106 [1] NCCL INFO 4 coll channels, 4 p2p channels, 2 p2p channels per peer
x3203c0s19b0n0:15078:15103 [2] NCCL INFO Connected all trees
x3203c0s19b0n0:15078:15103 [2] NCCL INFO NCCL_PROTO set by environment to Simple
x3203c0s19b0n0:15078:15103 [2] NCCL INFO NCCL_ALGO set by environment to Tree
x3203c0s19b0n0:15078:15103 [2] NCCL INFO threadThresholds 8/8/64 | 128/8/64 | 512 | 512
x3203c0s19b0n0:15078:15103 [2] NCCL INFO 4 coll channels, 4 p2p channels, 2 p2p channels per peer
x3203c0s13b1n0:16885:16914 [0] NCCL INFO comm 0x2a40dd0 rank 0 nranks 16 cudaDev 0 busId 7000 commId 0xf9c6765919a6b4bc - Init COMPLETE
x3203c0s13b1n0:16886:16917 [1] NCCL INFO comm 0x20f0ef0 rank 1 nranks 16 cudaDev 1 busId 46000 commId 0xf9c6765919a6b4bc - Init COMPLETE
x3203c0s13b1n0:16887:16919 [2] NCCL INFO comm 0x19f5c70 rank 2 nranks 16 cudaDev 2 busId 85000 commId 0xf9c6765919a6b4bc - Init COMPLETE
x3203c0s13b1n0:16888:16918 [3] NCCL INFO comm 0x2301d40 rank 3 nranks 16 cudaDev 3 busId c7000 commId 0xf9c6765919a6b4bc - Init COMPLETE
#
#                                                              out-of-place                       in-place          
#       size         count      type   redop    root     time   algbw   busbw #wrong     time   algbw   busbw #wrong
#        (B)    (elements)                               (us)  (GB/s)  (GB/s)            (us)  (GB/s)  (GB/s)       
x3203c0s19b0n0:15077:15106 [1] NCCL INFO comm 0x2aca9b0 rank 5 nranks 16 cudaDev 1 busId 46000 commId 0xf9c6765919a6b4bc - Init COMPLETE
x3203c0s19b0n0:15078:15103 [2] NCCL INFO comm 0x248b7c0 rank 6 nranks 16 cudaDev 2 busId 85000 commId 0xf9c6765919a6b4bc - Init COMPLETE
x3203c0s19b0n0:15079:15104 [3] NCCL INFO comm 0x3127950 rank 7 nranks 16 cudaDev 3 busId c7000 commId 0xf9c6765919a6b4bc - Init COMPLETE
x3203c0s19b0n0:15076:15107 [0] NCCL INFO comm 0x2b55340 rank 4 nranks 16 cudaDev 0 busId 7000 commId 0xf9c6765919a6b4bc - Init COMPLETE
x3203c0s19b1n0:13650:13681 [0] NCCL INFO comm 0x272eca0 rank 8 nranks 16 cudaDev 0 busId 7000 commId 0xf9c6765919a6b4bc - Init COMPLETE
x3203c0s19b1n0:13651:13680 [1] NCCL INFO comm 0x2cdcf20 rank 9 nranks 16 cudaDev 1 busId 46000 commId 0xf9c6765919a6b4bc - Init COMPLETE
x3203c0s19b1n0:13652:13679 [2] NCCL INFO comm 0x2cab000 rank 10 nranks 16 cudaDev 2 busId 85000 commId 0xf9c6765919a6b4bc - Init COMPLETE
x3203c0s19b1n0:13653:13678 [3] NCCL INFO comm 0x2e1d0f0 rank 11 nranks 16 cudaDev 3 busId c7000 commId 0xf9c6765919a6b4bc - Init COMPLETE
           8             2     float     sum      -1    89.40    0.00    0.00      0    89.67    0.00    0.00      0
          16             4     float     sum      -1    87.11    0.00    0.00      0    87.23    0.00    0.00      0
          32             8     float     sum      -1    87.91    0.00    0.00      0    87.15    0.00    0.00      0
          64            16     float     sum      -1    88.29    0.00    0.00      0    87.21    0.00    0.00      0
         128            32     float     sum      -1    87.76    0.00    0.00      0    87.60    0.00    0.00      0
         256            64     float     sum      -1    87.81    0.00    0.01      0    87.52    0.00    0.01      0
         512           128     float     sum      -1    86.54    0.01    0.01      0    87.31    0.01    0.01      0
        1024           256     float     sum      -1    89.23    0.01    0.02      0    88.86    0.01    0.02      0
        2048           512     float     sum      -1    101.0    0.02    0.04      0    100.9    0.02    0.04      0
        4096          1024     float     sum      -1    108.0    0.04    0.07      0    108.2    0.04    0.07      0
        8192          2048     float     sum      -1    111.3    0.07    0.14      0    111.0    0.07    0.14      0
       16384          4096     float     sum      -1    121.6    0.13    0.25      0    122.3    0.13    0.25      0
       32768          8192     float     sum      -1    147.8    0.22    0.42      0    147.1    0.22    0.42      0
       65536         16384     float     sum      -1    157.4    0.42    0.78      0    156.4    0.42    0.79      0
      131072         32768     float     sum      -1    164.3    0.80    1.50      0    162.5    0.81    1.51      0
      262144         65536     float     sum      -1    177.9    1.47    2.76      0    178.1    1.47    2.76      0
      524288        131072     float     sum      -1    210.3    2.49    4.67      0    210.2    2.49    4.68      0
     1048576        262144     float     sum      -1    297.3    3.53    6.61      0    297.7    3.52    6.60      0
     2097152        524288     float     sum      -1    507.7    4.13    7.74      0    507.5    4.13    7.75      0
     4194304       1048576     float     sum      -1    915.3    4.58    8.59      0    924.7    4.54    8.50      0
     8388608       2097152     float     sum      -1   1751.0    4.79    8.98      0   1743.8    4.81    9.02      0
    16777216       4194304     float     sum      -1   3456.0    4.85    9.10      0   3433.3    4.89    9.16      0
    33554432       8388608     float     sum      -1   6577.4    5.10    9.57      0   6569.4    5.11    9.58      0
    67108864      16777216     float     sum      -1    13120    5.12    9.59      0    13036    5.15    9.65      0
   134217728      33554432     float     sum      -1    26053    5.15    9.66      0    26066    5.15    9.65      0
   268435456      67108864     float     sum      -1    51441    5.22    9.78      0    51363    5.23    9.80      0
   536870912     134217728     float     sum      -1   102054    5.26    9.86      0   101998    5.26    9.87      0
x3203c0s19b0n0:15079:15079 [3] NCCL INFO comm 0x3127950 rank 7 nranks 16 cudaDev 3 busId c7000 - Destroy COMPLETE
x3203c0s19b1n0:13653:13653 [3] NCCL INFO comm 0x2e1d0f0 rank 11 nranks 16 cudaDev 3 busId c7000 - Destroy COMPLETE
x3203c0s19b0n0:15078:15078 [2] NCCL INFO comm 0x248b7c0 rank 6 nranks 16 cudaDev 2 busId 85000 - Destroy COMPLETE
x3203c0s13b1n0:16888:16888 [3] NCCL INFO comm 0x2301d40 rank 3 nranks 16 cudaDev 3 busId c7000 - Destroy COMPLETE
x3203c0s1b0n0:12806:12806 [3] NCCL INFO comm 0x20223e0 rank 15 nranks 16 cudaDev 3 busId c7000 - Destroy COMPLETE
x3203c0s19b1n0:13652:13652 [2] NCCL INFO comm 0x2cab000 rank 10 nranks 16 cudaDev 2 busId 85000 - Destroy COMPLETE
x3203c0s1b0n0:12805:12805 [2] NCCL INFO comm 0x2a9b420 rank 14 nranks 16 cudaDev 2 busId 85000 - Destroy COMPLETE
x3203c0s13b1n0:16887:16887 [2] NCCL INFO comm 0x19f5c70 rank 2 nranks 16 cudaDev 2 busId 85000 - Destroy COMPLETE
x3203c0s13b1n0:16886:16886 [1] NCCL INFO comm 0x20f0ef0 rank 1 nranks 16 cudaDev 1 busId 46000 - Destroy COMPLETE
x3203c0s1b0n0:12804:12804 [1] NCCL INFO comm 0x2e43670 rank 13 nranks 16 cudaDev 1 busId 46000 - Destroy COMPLETE
x3203c0s19b0n0:15077:15077 [1] NCCL INFO comm 0x2aca9b0 rank 5 nranks 16 cudaDev 1 busId 46000 - Destroy COMPLETE
x3203c0s19b1n0:13651:13651 [1] NCCL INFO comm 0x2cdcf20 rank 9 nranks 16 cudaDev 1 busId 46000 - Destroy COMPLETE
x3203c0s1b0n0:12803:12803 [0] NCCL INFO comm 0x1f0aa40 rank 12 nranks 16 cudaDev 0 busId 7000 - Destroy COMPLETE
x3203c0s13b1n0:16885:16885 [0] NCCL INFO comm 0x2a40dd0 rank 0 nranks 16 cudaDev 0 busId 7000 - Destroy COMPLETE
# Out of bounds values : 0 OK
# Avg bus bandwidth    : 3.71221 
#
x3203c0s19b0n0:15076:15076 [0] NCCL INFO comm 0x2b55340 rank 4 nranks 16 cudaDev 0 busId 7000 - Destroy COMPLETE
x3203c0s19b1n0:13650:13650 [0] NCCL INFO comm 0x272eca0 rank 8 nranks 16 cudaDev 0 busId 7000 - Destroy COMPLETE

# nThread 1 nGpus 1 minBytes 8 maxBytes 536870912 step: 2(factor) warmup iters: 5 iters: 20 agg iters: 1 validation: 1 graph: 0
#
# Using devices
#  Rank  0 Group  0 Pid  16940 on x3203c0s13b1n0 device  0 [0x07] NVIDIA A100-SXM4-40GB
#  Rank  1 Group  0 Pid  16941 on x3203c0s13b1n0 device  1 [0x46] NVIDIA A100-SXM4-40GB
#  Rank  2 Group  0 Pid  16942 on x3203c0s13b1n0 device  2 [0x85] NVIDIA A100-SXM4-40GB
#  Rank  3 Group  0 Pid  16943 on x3203c0s13b1n0 device  3 [0xc7] NVIDIA A100-SXM4-40GB
#  Rank  4 Group  0 Pid  15125 on x3203c0s19b0n0 device  0 [0x07] NVIDIA A100-SXM4-40GB
#  Rank  5 Group  0 Pid  15126 on x3203c0s19b0n0 device  1 [0x46] NVIDIA A100-SXM4-40GB
#  Rank  6 Group  0 Pid  15127 on x3203c0s19b0n0 device  2 [0x85] NVIDIA A100-SXM4-40GB
#  Rank  7 Group  0 Pid  15128 on x3203c0s19b0n0 device  3 [0xc7] NVIDIA A100-SXM4-40GB
#  Rank  8 Group  0 Pid  13700 on x3203c0s19b1n0 device  0 [0x07] NVIDIA A100-SXM4-40GB
#  Rank  9 Group  0 Pid  13701 on x3203c0s19b1n0 device  1 [0x46] NVIDIA A100-SXM4-40GB
#  Rank 10 Group  0 Pid  13702 on x3203c0s19b1n0 device  2 [0x85] NVIDIA A100-SXM4-40GB
#  Rank 11 Group  0 Pid  13703 on x3203c0s19b1n0 device  3 [0xc7] NVIDIA A100-SXM4-40GB
#  Rank 12 Group  0 Pid  12853 on x3203c0s1b0n0 device  0 [0x07] NVIDIA A100-SXM4-40GB
#  Rank 13 Group  0 Pid  12854 on x3203c0s1b0n0 device  1 [0x46] NVIDIA A100-SXM4-40GB
#  Rank 14 Group  0 Pid  12855 on x3203c0s1b0n0 device  2 [0x85] NVIDIA A100-SXM4-40GB
#  Rank 15 Group  0 Pid  12856 on x3203c0s1b0n0 device  3 [0xc7] NVIDIA A100-SXM4-40GB
x3203c0s13b1n0:16940:16940 [0] NCCL INFO Bootstrap : Using bond0:10.140.56.178<0>
x3203c0s13b1n0:16940:16940 [0] NCCL INFO NET/Plugin : Plugin load returned 17 : libnccl-net.so: cannot open shared object file: No such file or directory.
x3203c0s13b1n0:16940:16940 [0] NCCL INFO cudaDriverVersion 11040
NCCL version 2.16.4+cuda11.0
x3203c0s13b1n0:16940:16969 [0] NCCL INFO NET/IB : Using [0]mlx5_0:1/RoCE [1]mlx5_1:1/RoCE [RO]; OOB bond0:10.140.56.178<0>
x3203c0s13b1n0:16940:16969 [0] NCCL INFO Using network IB
x3203c0s13b1n0:16941:16941 [1] NCCL INFO cudaDriverVersion 11040
x3203c0s13b1n0:16943:16943 [3] NCCL INFO cudaDriverVersion 11040
x3203c0s13b1n0:16942:16942 [2] NCCL INFO cudaDriverVersion 11040
x3203c0s19b0n0:15128:15128 [3] NCCL INFO cudaDriverVersion 11040
x3203c0s19b0n0:15126:15126 [1] NCCL INFO cudaDriverVersion 11040
x3203c0s19b0n0:15125:15125 [0] NCCL INFO cudaDriverVersion 11040
x3203c0s19b0n0:15127:15127 [2] NCCL INFO cudaDriverVersion 11040
x3203c0s1b0n0:12856:12856 [3] NCCL INFO cudaDriverVersion 11040
x3203c0s19b1n0:13701:13701 [1] NCCL INFO cudaDriverVersion 11040
x3203c0s1b0n0:12854:12854 [1] NCCL INFO cudaDriverVersion 11040
x3203c0s1b0n0:12853:12853 [0] NCCL INFO cudaDriverVersion 11040
x3203c0s1b0n0:12855:12855 [2] NCCL INFO cudaDriverVersion 11040
x3203c0s19b1n0:13702:13702 [2] NCCL INFO cudaDriverVersion 11040
x3203c0s19b1n0:13703:13703 [3] NCCL INFO cudaDriverVersion 11040
x3203c0s19b1n0:13700:13700 [0] NCCL INFO cudaDriverVersion 11040
x3203c0s13b1n0:16941:16941 [1] NCCL INFO Bootstrap : Using bond0:10.140.56.178<0>
x3203c0s13b1n0:16942:16942 [2] NCCL INFO Bootstrap : Using bond0:10.140.56.178<0>
x3203c0s13b1n0:16942:16942 [2] NCCL INFO NET/Plugin : No plugin found (libnccl-net.so), using internal implementation
x3203c0s13b1n0:16943:16943 [3] NCCL INFO Bootstrap : Using bond0:10.140.56.178<0>
x3203c0s13b1n0:16943:16943 [3] NCCL INFO NET/Plugin : No plugin found (libnccl-net.so), using internal implementation
x3203c0s13b1n0:16941:16941 [1] NCCL INFO NET/Plugin : No plugin found (libnccl-net.so), using internal implementation
x3203c0s13b1n0:16943:16973 [3] NCCL INFO NET/IB : Using [0]mlx5_0:1/RoCE [1]mlx5_1:1/RoCE [RO]; OOB bond0:10.140.56.178<0>
x3203c0s13b1n0:16943:16973 [3] NCCL INFO Using network IB
x3203c0s13b1n0:16941:16972 [1] NCCL INFO NET/IB : Using [0]mlx5_0:1/RoCE [1]mlx5_1:1/RoCE [RO]; OOB bond0:10.140.56.178<0>
x3203c0s13b1n0:16941:16972 [1] NCCL INFO Using network IB
x3203c0s13b1n0:16942:16974 [2] NCCL INFO NET/IB : Using [0]mlx5_0:1/RoCE [1]mlx5_1:1/RoCE [RO]; OOB bond0:10.140.56.178<0>
x3203c0s13b1n0:16942:16974 [2] NCCL INFO Using network IB
x3203c0s19b0n0:15128:15128 [3] NCCL INFO Bootstrap : Using bond0:10.140.56.179<0>
x3203c0s19b0n0:15128:15128 [3] NCCL INFO NET/Plugin : No plugin found (libnccl-net.so), using internal implementation
x3203c0s19b0n0:15128:15152 [3] NCCL INFO NET/IB : Using [0]mlx5_0:1/RoCE [1]mlx5_1:1/RoCE [RO]; OOB bond0:10.140.56.179<0>
x3203c0s19b0n0:15128:15152 [3] NCCL INFO Using network IB
x3203c0s19b0n0:15126:15126 [1] NCCL INFO Bootstrap : Using bond0:10.140.56.179<0>
x3203c0s19b0n0:15126:15126 [1] NCCL INFO NET/Plugin : No plugin found (libnccl-net.so), using internal implementation
x3203c0s1b0n0:12856:12856 [3] NCCL INFO Bootstrap : Using bond0:10.140.56.173<0>
x3203c0s1b0n0:12856:12856 [3] NCCL INFO NET/Plugin : No plugin found (libnccl-net.so), using internal implementation
x3203c0s19b0n0:15125:15125 [0] NCCL INFO Bootstrap : Using bond0:10.140.56.179<0>
x3203c0s19b0n0:15127:15127 [2] NCCL INFO Bootstrap : Using bond0:10.140.56.179<0>
x3203c0s19b0n0:15127:15127 [2] NCCL INFO NET/Plugin : No plugin found (libnccl-net.so), using internal implementation
x3203c0s19b0n0:15125:15125 [0] NCCL INFO NET/Plugin : No plugin found (libnccl-net.so), using internal implementation
x3203c0s19b0n0:15126:15155 [1] NCCL INFO NET/IB : Using [0]mlx5_0:1/RoCE [1]mlx5_1:1/RoCE [RO]; OOB bond0:10.140.56.179<0>
x3203c0s19b0n0:15126:15155 [1] NCCL INFO Using network IB
x3203c0s19b1n0:13701:13701 [1] NCCL INFO Bootstrap : Using bond0:10.140.56.180<0>
x3203c0s19b1n0:13701:13701 [1] NCCL INFO NET/Plugin : No plugin found (libnccl-net.so), using internal implementation
x3203c0s19b0n0:15127:15156 [2] NCCL INFO NET/IB : Using [0]mlx5_0:1/RoCE [1]mlx5_1:1/RoCE [RO]; OOB bond0:10.140.56.179<0>
x3203c0s19b0n0:15127:15156 [2] NCCL INFO Using network IB
x3203c0s19b0n0:15125:15157 [0] NCCL INFO NET/IB : Using [0]mlx5_0:1/RoCE [1]mlx5_1:1/RoCE [RO]; OOB bond0:10.140.56.179<0>
x3203c0s19b0n0:15125:15157 [0] NCCL INFO Using network IB
x3203c0s1b0n0:12856:12881 [3] NCCL INFO NET/IB : Using [0]mlx5_0:1/RoCE [1]mlx5_1:1/RoCE [RO]; OOB bond0:10.140.56.173<0>
x3203c0s1b0n0:12856:12881 [3] NCCL INFO Using network IB
x3203c0s1b0n0:12854:12854 [1] NCCL INFO Bootstrap : Using bond0:10.140.56.173<0>
x3203c0s1b0n0:12854:12854 [1] NCCL INFO NET/Plugin : No plugin found (libnccl-net.so), using internal implementation
x3203c0s1b0n0:12853:12853 [0] NCCL INFO Bootstrap : Using bond0:10.140.56.173<0>
x3203c0s1b0n0:12853:12853 [0] NCCL INFO NET/Plugin : No plugin found (libnccl-net.so), using internal implementation
x3203c0s19b1n0:13701:13728 [1] NCCL INFO NET/IB : Using [0]mlx5_0:1/RoCE [1]mlx5_1:1/RoCE [RO]; OOB bond0:10.140.56.180<0>
x3203c0s19b1n0:13701:13728 [1] NCCL INFO Using network IB
x3203c0s1b0n0:12855:12855 [2] NCCL INFO Bootstrap : Using bond0:10.140.56.173<0>
x3203c0s1b0n0:12855:12855 [2] NCCL INFO NET/Plugin : No plugin found (libnccl-net.so), using internal implementation
x3203c0s19b1n0:13702:13702 [2] NCCL INFO Bootstrap : Using bond0:10.140.56.180<0>
x3203c0s19b1n0:13702:13702 [2] NCCL INFO NET/Plugin : No plugin found (libnccl-net.so), using internal implementation
x3203c0s1b0n0:12853:12885 [0] NCCL INFO NET/IB : Using [0]mlx5_0:1/RoCE [1]mlx5_1:1/RoCE [RO]; OOB bond0:10.140.56.173<0>
x3203c0s1b0n0:12853:12885 [0] NCCL INFO Using network IB
x3203c0s1b0n0:12854:12884 [1] NCCL INFO NET/IB : Using [0]mlx5_0:1/RoCE [1]mlx5_1:1/RoCE [RO]; OOB bond0:10.140.56.173<0>
x3203c0s1b0n0:12854:12884 [1] NCCL INFO Using network IB
x3203c0s1b0n0:12855:12886 [2] NCCL INFO NET/IB : Using [0]mlx5_0:1/RoCE [1]mlx5_1:1/RoCE [RO]; OOB bond0:10.140.56.173<0>
x3203c0s1b0n0:12855:12886 [2] NCCL INFO Using network IB
x3203c0s19b1n0:13703:13703 [3] NCCL INFO Bootstrap : Using bond0:10.140.56.180<0>
x3203c0s19b1n0:13703:13703 [3] NCCL INFO NET/Plugin : No plugin found (libnccl-net.so), using internal implementation
x3203c0s19b1n0:13700:13700 [0] NCCL INFO Bootstrap : Using bond0:10.140.56.180<0>
x3203c0s19b1n0:13700:13700 [0] NCCL INFO NET/Plugin : No plugin found (libnccl-net.so), using internal implementation
x3203c0s19b1n0:13702:13731 [2] NCCL INFO NET/IB : Using [0]mlx5_0:1/RoCE [1]mlx5_1:1/RoCE [RO]; OOB bond0:10.140.56.180<0>
x3203c0s19b1n0:13702:13731 [2] NCCL INFO Using network IB
x3203c0s19b1n0:13703:13732 [3] NCCL INFO NET/IB : Using [0]mlx5_0:1/RoCE [1]mlx5_1:1/RoCE [RO]; OOB bond0:10.140.56.180<0>
x3203c0s19b1n0:13703:13732 [3] NCCL INFO Using network IB
x3203c0s19b1n0:13700:13733 [0] NCCL INFO NET/IB : Using [0]mlx5_0:1/RoCE [1]mlx5_1:1/RoCE [RO]; OOB bond0:10.140.56.180<0>
x3203c0s19b1n0:13700:13733 [0] NCCL INFO Using network IB
x3203c0s1b0n0:12856:12881 [3] NCCL INFO Setting affinity for GPU 3 to 08,00000008
x3203c0s19b1n0:13703:13732 [3] NCCL INFO Setting affinity for GPU 3 to 08,00000008
x3203c0s19b0n0:15128:15152 [3] NCCL INFO Setting affinity for GPU 3 to 08,00000008
x3203c0s13b1n0:16943:16973 [3] NCCL INFO Setting affinity for GPU 3 to 08,00000008
x3203c0s13b1n0:16940:16969 [0] NCCL INFO Channel 00/04 :    0   3   2   5   4   7   6   9   8  11  10  13  12  15  14   1
x3203c0s13b1n0:16940:16969 [0] NCCL INFO Channel 01/04 :    0   7   6   5   4  11  10   9   8  15  14  13  12   3   2   1
x3203c0s13b1n0:16940:16969 [0] NCCL INFO Channel 02/04 :    0   3   2   5   4   7   6   9   8  11  10  13  12  15  14   1
